Archive member included to satisfy reference by file (symbol)

C:/ST/STM32CubeIDE_1.19.0/STM32CubeIDE/plugins/com.st.stm32cube.ide.mcu.externaltools.gnu-tools-for-stm32.13.3.rel1.win32_1.0.0.202411081344/tools/bin/../lib/gcc/arm-none-eabi/13.3.1/../../../../arm-none-eabi/lib/thumb/v7-m/nofp\libc_nano.a(libc_a-exit.o)
                              C:/ST/STM32CubeIDE_1.19.0/STM32CubeIDE/plugins/com.st.stm32cube.ide.mcu.externaltools.gnu-tools-for-stm32.13.3.rel1.win32_1.0.0.202411081344/tools/bin/../lib/gcc/arm-none-eabi/13.3.1/../../../../arm-none-eabi/lib/thumb/v7-m/nofp/crt0.o (exit)
C:/ST/STM32CubeIDE_1.19.0/STM32CubeIDE/plugins/com.st.stm32cube.ide.mcu.externaltools.gnu-tools-for-stm32.13.3.rel1.win32_1.0.0.202411081344/tools/bin/../lib/gcc/arm-none-eabi/13.3.1/../../../../arm-none-eabi/lib/thumb/v7-m/nofp\libc_nano.a(libc_a-findfp.o)
                              C:/ST/STM32CubeIDE_1.19.0/STM32CubeIDE/plugins/com.st.stm32cube.ide.mcu.externaltools.gnu-tools-for-stm32.13.3.rel1.win32_1.0.0.202411081344/tools/bin/../lib/gcc/arm-none-eabi/13.3.1/../../../../arm-none-eabi/lib/thumb/v7-m/nofp\libc_nano.a(libc_a-exit.o) (__stdio_exit_handler)
C:/ST/STM32CubeIDE_1.19.0/STM32CubeIDE/plugins/com.st.stm32cube.ide.mcu.externaltools.gnu-tools-for-stm32.13.3.rel1.win32_1.0.0.202411081344/tools/bin/../lib/gcc/arm-none-eabi/13.3.1/../../../../arm-none-eabi/lib/thumb/v7-m/nofp\libc_nano.a(libc_a-fwalk.o)
                              C:/ST/STM32CubeIDE_1.19.0/STM32CubeIDE/plugins/com.st.stm32cube.ide.mcu.externaltools.gnu-tools-for-stm32.13.3.rel1.win32_1.0.0.202411081344/tools/bin/../lib/gcc/arm-none-eabi/13.3.1/../../../../arm-none-eabi/lib/thumb/v7-m/nofp\libc_nano.a(libc_a-findfp.o) (_fwalk_sglue)
C:/ST/STM32CubeIDE_1.19.0/STM32CubeIDE/plugins/com.st.stm32cube.ide.mcu.externaltools.gnu-tools-for-stm32.13.3.rel1.win32_1.0.0.202411081344/tools/bin/../lib/gcc/arm-none-eabi/13.3.1/../../../../arm-none-eabi/lib/thumb/v7-m/nofp\libc_nano.a(libc_a-stdio.o)
                              C:/ST/STM32CubeIDE_1.19.0/STM32CubeIDE/plugins/com.st.stm32cube.ide.mcu.externaltools.gnu-tools-for-stm32.13.3.rel1.win32_1.0.0.202411081344/tools/bin/../lib/gcc/arm-none-eabi/13.3.1/../../../../arm-none-eabi/lib/thumb/v7-m/nofp\libc_nano.a(libc_a-findfp.o) (__sread)
C:/ST/STM32CubeIDE_1.19.0/STM32CubeIDE/plugins/com.st.stm32cube.ide.mcu.externaltools.gnu-tools-for-stm32.13.3.rel1.win32_1.0.0.202411081344/tools/bin/../lib/gcc/arm-none-eabi/13.3.1/../../../../arm-none-eabi/lib/thumb/v7-m/nofp\libc_nano.a(libc_a-memset.o)
                              C:/ST/STM32CubeIDE_1.19.0/STM32CubeIDE/plugins/com.st.stm32cube.ide.mcu.externaltools.gnu-tools-for-stm32.13.3.rel1.win32_1.0.0.202411081344/tools/bin/../lib/gcc/arm-none-eabi/13.3.1/../../../../arm-none-eabi/lib/thumb/v7-m/nofp/crt0.o (memset)
C:/ST/STM32CubeIDE_1.19.0/STM32CubeIDE/plugins/com.st.stm32cube.ide.mcu.externaltools.gnu-tools-for-stm32.13.3.rel1.win32_1.0.0.202411081344/tools/bin/../lib/gcc/arm-none-eabi/13.3.1/../../../../arm-none-eabi/lib/thumb/v7-m/nofp\libc_nano.a(libc_a-closer.o)
                              C:/ST/STM32CubeIDE_1.19.0/STM32CubeIDE/plugins/com.st.stm32cube.ide.mcu.externaltools.gnu-tools-for-stm32.13.3.rel1.win32_1.0.0.202411081344/tools/bin/../lib/gcc/arm-none-eabi/13.3.1/../../../../arm-none-eabi/lib/thumb/v7-m/nofp\libc_nano.a(libc_a-stdio.o) (_close_r)
C:/ST/STM32CubeIDE_1.19.0/STM32CubeIDE/plugins/com.st.stm32cube.ide.mcu.externaltools.gnu-tools-for-stm32.13.3.rel1.win32_1.0.0.202411081344/tools/bin/../lib/gcc/arm-none-eabi/13.3.1/../../../../arm-none-eabi/lib/thumb/v7-m/nofp\libc_nano.a(libc_a-reent.o)
                              C:/ST/STM32CubeIDE_1.19.0/STM32CubeIDE/plugins/com.st.stm32cube.ide.mcu.externaltools.gnu-tools-for-stm32.13.3.rel1.win32_1.0.0.202411081344/tools/bin/../lib/gcc/arm-none-eabi/13.3.1/../../../../arm-none-eabi/lib/thumb/v7-m/nofp\libc_nano.a(libc_a-closer.o) (errno)
C:/ST/STM32CubeIDE_1.19.0/STM32CubeIDE/plugins/com.st.stm32cube.ide.mcu.externaltools.gnu-tools-for-stm32.13.3.rel1.win32_1.0.0.202411081344/tools/bin/../lib/gcc/arm-none-eabi/13.3.1/../../../../arm-none-eabi/lib/thumb/v7-m/nofp\libc_nano.a(libc_a-impure.o)
                              C:/ST/STM32CubeIDE_1.19.0/STM32CubeIDE/plugins/com.st.stm32cube.ide.mcu.externaltools.gnu-tools-for-stm32.13.3.rel1.win32_1.0.0.202411081344/tools/bin/../lib/gcc/arm-none-eabi/13.3.1/../../../../arm-none-eabi/lib/thumb/v7-m/nofp\libc_nano.a(libc_a-reent.o) (_impure_ptr)
C:/ST/STM32CubeIDE_1.19.0/STM32CubeIDE/plugins/com.st.stm32cube.ide.mcu.externaltools.gnu-tools-for-stm32.13.3.rel1.win32_1.0.0.202411081344/tools/bin/../lib/gcc/arm-none-eabi/13.3.1/../../../../arm-none-eabi/lib/thumb/v7-m/nofp\libc_nano.a(libc_a-lseekr.o)
[...]
Memory Configuration

Name             Origin             Length             Attributes
RAM              0x20000000         0x00005000         xrw
FLASH            0x08000000         0x00010000         xr
*default*        0x00000000         0xffffffff

Linker script and memory map

LOAD C:/ST/STM32CubeIDE_1.19.0/STM32CubeIDE/plugins/com.st.stm32cube.ide.mcu.externaltools.gnu-tools-for-stm32.13.3.rel1.win32_1.0.0.202411081344/tools/bin/../lib/gcc/arm-none-eabi/13.3.1/thumb/v7-m/nofp/crti.o
LOAD C:/ST/STM32CubeIDE_1.19.0/STM32CubeIDE/plugins/com.st.stm32cube.ide.mcu.externaltools.gnu-tools-for-stm32.13.3.rel1.win32_1.0.0.202411081344/tools/bin/../lib/gcc/arm-none-eabi/13.3.1/thumb/v7-m/nofp/crtbegin.o
LOAD C:/ST/STM32CubeIDE_1.19.0/STM32CubeIDE/plugins/com.st.stm32cube.ide.mcu.externaltools.gnu-tools-for-stm32.13.3.rel1.win32_1.0.0.202411081344/tools/bin/../lib/gcc/arm-none-eabi/13.3.1/../../../../arm-none-eabi/lib/thumb/v7-m/nofp/crt0.o
LOAD ./Core/Src/main.o
LOAD ./Core/Src/mc522.o
LOAD ./Core/Src/stm32f1xx_hal_msp.o
LOAD ./Core/Src/stm32f1xx_it.o
LOAD ./Core/Src/syscalls.o
LOAD ./Core/Src/sysmem.o
LOAD ./Core/Src/system_stm32f1xx.o
LOAD ./Core/Startup/startup_stm32f103c8tx.o
LOAD ./Drivers/STM32F1xx_HAL_Driver/Src/stm32f1xx_hal.o
LOAD ./Drivers/STM32F1xx_HAL_Driver/Src/stm32f1xx_hal_cortex.o
LOAD ./Drivers/STM32F1xx_HAL_Driver/Src/stm32f1xx_hal_dma.o
LOAD ./Drivers/STM32F1xx_HAL_Driver/Src/stm32f1xx_hal_exti.o
LOAD ./Drivers/STM32F1xx_HAL_Driver/Src/stm32f1xx_hal_flash.o
LOAD ./Drivers/STM32F1xx_HAL_Driver/Src/stm32f1xx_hal_flash_ex.o
LOAD ./Drivers/STM32F1xx_HAL_Driver/Src/stm32f1xx_hal_gpio.o
LOAD ./Drivers/STM32F1xx_HAL_Driver/Src/stm32f1xx_hal_gpio_ex.o
LOAD ./Drivers/STM32F1xx_HAL_Driver/Src/stm32f1xx_hal_pwr.o
LOAD ./Drivers/STM32F1xx_HAL_Driver/Src/stm32f1xx_hal_rcc.o
LOAD ./Drivers/STM32F1xx_HAL_Driver/Src/stm32f1xx_hal_rcc_ex.o
LOAD ./Drivers/STM32F1xx_HAL_Driver/Src/stm32f1xx_hal_spi.o
LOAD ./Drivers/STM32F1xx_HAL_Driver/Src/stm32f1xx_hal_tim.o
LOAD ./Drivers/STM32F1xx_HAL_Driver/Src/stm32f1xx_hal_tim_ex.o
LOAD ./Drivers/STM32F1xx_HAL_Driver/Src/stm32f1xx_hal_uart.o
START GROUP
LOAD C:/ST/STM32CubeIDE_1.19.0/STM32CubeIDE/plugins/com.st.stm32cube.ide.mcu.externaltools.gnu-tools-for-stm32.13.3.rel1.win32_1.0.0.202411081344/tools/bin/../lib/gcc/arm-none-eabi/13.3.1/../../../../arm-none-eabi/lib/thumb/v7-m/nofp\libc_nano.a
LOAD C:/ST/STM32CubeIDE_1.19.0/STM32CubeIDE/plugins/com.st.stm32cube.ide.mcu.externaltools.gnu-tools-for-stm32.13.3.rel1.win32_1.0.0.202411081344/tools/bin/../lib/gcc/arm-none-eabi/13.3.1/../../../../arm-none-eabi/lib/thumb/v7-m/nofp\libm.a
END GROUP
START GROUP
LOAD C:/ST/STM32CubeIDE_1.19.0/STM32CubeIDE/plugins/com.st.stm32cube.ide.mcu.externaltools.gnu-tools-for-stm32.13.3.rel1.win32_1.0.0.202411081344/tools/bin/../lib/gcc/arm-none-eabi/13.3.1/thumb/v7-m/nofp\libgcc.a
LOAD C:/ST/STM32CubeIDE_1.19.0/STM32CubeIDE/plugins/com.st.stm32cube.ide.mcu.externaltools.gnu-tools-for-stm32.13.3.rel1.win32_1.0.0.202411081344/tools/bin/../lib/gcc/arm-none-eabi/13.3.1/../../../../arm-none-eabi/lib/thumb/v7-m/nofp\libc_nano.a
END GROUP
START GROUP
LOAD C:/ST/STM32CubeIDE_1.19.0/STM32CubeIDE/plugins/com.st.stm32cube.ide.mcu.externaltools.gnu-tools-for-stm32.13.3.rel1.win32_1.0.0.202411081344/tools/bin/../lib/gcc/arm-none-eabi/13.3.1/thumb/v7-m/nofp\libgcc.a
LOAD C:/ST/STM32CubeIDE_1.19.0/STM32CubeIDE/plugins/com.st.stm32cube.ide.mcu.externaltools.gnu-tools-for-stm32.13.3.rel1.win32_1.0.0.202411081344/tools/bin/../lib/gcc/arm-none-eabi/13.3.1/../../../../arm-none-eabi/lib/thumb/v7-m/nofp\libc_nano.a
LOAD C:/ST/STM32CubeIDE_1.19.0/STM32CubeIDE/plugins/com.st.stm32cube.ide.mcu.externaltools.gnu-tools-for-stm32.13.3.rel1.win32_1.0.0.202411081344/tools/bin/../lib/gcc/arm-none-eabi/13.3.1/../../../../arm-none-eabi/lib/thumb/v7-m/nofp\libnosys.a
END GROUP
START GROUP
LOAD C:/ST/STM32CubeIDE_1.19.0/STM32CubeIDE/plugins/com.st.stm32cube.ide.mcu.externaltools.gnu-tools-for-stm32.13.3.rel1.win32_1.0.0.202411081344/tools/bin/../lib/gcc/arm-none-eabi/13.3.1/thumb/v7-m/nofp\libgcc.a
LOAD C:/ST/STM32CubeIDE_1.19.0/STM32CubeIDE/plugins/com.st.stm32cube.ide.mcu.externaltools.gnu-tools-for-stm32.13.3.rel1.win32_1.0.0.202411081344/tools/bin/../lib/gcc/arm-none-eabi/13.3.1/../../../../arm-none-eabi/lib/thumb/v7-m/nofp\libc_nano.a
LOAD C:/ST/STM32CubeIDE_1.19.0/STM32CubeIDE/plugins/com.st.stm32cube.ide.mcu.externaltools.gnu-tools-for-stm32.13.3.rel1.win32_1.0.0.202411081344/tools/bin/../lib/gcc/arm-none-eabi/13.3.1/../../../../arm-none-eabi/lib/thumb/v7-m/nofp\libnosys.a
END GROUP
LOAD C:/ST/STM32CubeIDE_1.19.0/STM32CubeIDE/plugins/com.st.stm32cube.ide.mcu.externaltools.gnu-tools-for-stm32.13.3.rel1.win32_1.0.0.202411081344/tools/bin/../lib/gcc/arm-none-eabi/13.3.1/thumb/v7-m/nofp/crtend.o
LOAD C:/ST/STM32CubeIDE_1.19.0/STM32CubeIDE/plugins/com.st.stm32cube.ide.mcu.externaltools.gnu-tools-for-stm32.13.3.rel1.win32_1.0.0.202411081344/tools/bin/../lib/gcc/arm-none-eabi/13.3.1/thumb/v7-m/nofp/crtn.o
                0x20005000                        _estack = (ORIGIN (RAM) + LENGTH (RAM))
                0x00000200                        _Min_Heap_Size = 0x200
                0x00000400                        _Min_Stack_Size = 0x400

.isr_vector     0x08000000      0x10c
                0x08000000                        . = ALIGN (0x4)
 *(.isr_vector)
 .isr_vector    0x08000000      0x10c ./Core/Startup/startup_stm32f103c8tx.o
                0x08000000                g_pfnVectors
                0x0800010c                        . = ALIGN (0x4)

.text           0x08000110     0x6810
                0x08000110                        . = ALIGN (0x4)
 *(.text)
 .text          0x08000110       0x40 C:/ST/STM32CubeIDE_1.19.0/STM32CubeIDE/plugins/com.st.stm32cube.ide.mcu.externaltools.gnu-tools-for-stm32.13.3.rel1.win32_1.0.0.202411081344/tools/bin/../lib/gcc/arm-none-eabi/13.3.1/thumb/v7-m/nofp/crtbegin.o
 .text          0x08000150      0x378 C:/ST/STM32CubeIDE_1.19.0/STM32CubeIDE/plugins/com.st.stm32cube.ide.mcu.externaltools.gnu-tools-for-stm32.13.3.rel1.win32_1.0.0.202411081344/tools/bin/../lib/gcc/arm-none-eabi/13.3.1/thumb/v7-m/nofp\libgcc.a(_arm_addsubdf3.o)
                0x08000150                __aeabi_drsub
                0x08000158                __aeabi_dsub
                0x08000158                __subdf3
                0x0800015c                __aeabi_dadd
                0x0800015c                __adddf3
                0x080003d4                __floatunsidf
                0x080003d4                __aeabi_ui2d
                0x080003f4                __floatsidf
                0x080003f4                __aeabi_i2d
                0x08000418                __aeabi_f2d
                0x08000418                __extendsfdf2
                0x0800045c                __floatundidf
                0x0800045c                __aeabi_ul2d
                0x0800046c                __floatdidf
                0x0800046c                __aeabi_l2d
 .text          0x080004c8      0x424 C:/ST/STM32CubeIDE_1.19.0/STM32CubeIDE/plugins/com.st.stm32cube.ide.mcu.externaltools.gnu-tools-for-stm32.13.3.rel1.win32_1.0.0.202411081344/tools/bin/../lib/gcc/arm-none-eabi/13.3.1/thumb/v7-m/nofp\libgcc.a(_arm_muldivdf3.o)
                0x080004c8                __aeabi_dmul
                0x080004c8                __muldf3
                0x0800071c                __divdf3
                0x0800071c                __aeabi_ddiv
 .text          0x080008ec      0x110 C:/ST/STM32CubeIDE_1.19.0/STM32CubeIDE/plugins/com.st.stm32cube.ide.mcu.externaltools.gnu-tools-for-stm32.13.3.rel1.win32_1.0.0.202411081344/tools/bin/../lib/gcc/arm-none-eabi/13.3.1/thumb/v7-m/nofp\libgcc.a(_arm_cmpdf2.o)
                0x080008ec                __gtdf2
                0x080008ec                __gedf2
                0x080008f4                __ltdf2
                0x080008f4                __ledf2
                0x080008fc                __nedf2
                0x080008fc                __eqdf2
                0x080008fc                __cmpdf2
                0x08000978                __aeabi_cdrcmple
                0x08000988                __aeabi_cdcmpeq
                0x08000988                __aeabi_cdcmple
                0x08000998                __aeabi_dcmpeq
                0x080009ac                __aeabi_dcmplt
                0x080009c0                __aeabi_dcmple
                0x080009d4                __aeabi_dcmpge
                0x080009e8                __aeabi_dcmpgt
 .text          0x080009fc       0x50 C:/ST/STM32CubeIDE_1.19.0/STM32CubeIDE/plugins/com.st.stm32cube.ide.mcu.externaltools.gnu-tools-for-stm32.13.3.rel1.win32_1.0.0.202411081344/tools/bin/../lib/gcc/arm-none-eabi/13.3.1/thumb/v7-m/nofp\libgcc.a(_arm_fixdfsi.o)
                0x080009fc                __aeabi_d2iz
                0x080009fc                __fixdfsi
 .text          0x08000a4c       0x40 C:/ST/STM32CubeIDE_1.19.0/STM32CubeIDE/plugins/com.st.stm32cube.ide.mcu.externaltools.gnu-tools-for-stm32.13.3.rel1.win32_1.0.0.202411081344/tools/bin/../lib/gcc/arm-none-eabi/13.3.1/thumb/v7-m/nofp\libgcc.a(_arm_fixunsdfsi.o)
                0x08000a4c                __aeabi_d2uiz
                0x08000a4c                __fixunsdfsi
 .text          0x08000a8c       0xa0 C:/ST/STM32CubeIDE_1.19.0/STM32CubeIDE/plugins/com.st.stm32cube.ide.mcu.externaltools.gnu-tools-for-stm32.13.3.rel1.win32_1.0.0.202411081344/tools/bin/../lib/gcc/arm-none-eabi/13.3.1/thumb/v7-m/nofp\libgcc.a(_arm_truncdfsf2.o)
                0x08000a8c                __truncdfsf2
                0x08000a8c                __aeabi_d2f
 .text          0x08000b2c      0x21c C:/ST/STM32CubeIDE_1.19.0/STM32CubeIDE/plugins/com.st.stm32cube.ide.mcu.externaltools.gnu-tools-for-stm32.13.3.rel1.win32_1.0.0.202411081344/tools/bin/../lib/gcc/arm-none-eabi/13.3.1/thumb/v7-m/nofp\libgcc.a(_arm_addsubsf3.o)
                0x08000b2c                __aeabi_frsub
                0x08000b34                __subsf3
                0x08000b34                __aeabi_fsub
                0x08000b38                __aeabi_fadd
                0x08000b38                __addsf3
                0x08000c98                __aeabi_ui2f
                0x08000c98                __floatunsisf
                0x08000ca0                __aeabi_i2f
                0x08000ca0                __floatsisf
                0x08000cbc                __aeabi_ul2f
                0x08000cbc                __floatundisf
                0x08000ccc                __aeabi_l2f
                0x08000ccc                __floatdisf
 *(.text*)
 .text.WS2812_Send
                0x08000d48       0xdc ./Core/Src/main.o
                0x08000d48                WS2812_Send
 .text.Set_LED  0x08000e24       0x58 ./Core/Src/main.o
                0x08000e24                Set_LED
 *fill*         0x08000e7c        0x4 
 .text.Set_Brightness
                0x08000e80       0xfc ./Core/Src/main.o
                0x08000e80                Set_Brightness
 .text.HAL_TIM_PWM_PulseFinishedCallback
                0x08000f7c       0x28 ./Core/Src/main.o
                0x08000f7c                HAL_TIM_PWM_PulseFinishedCallback
 .text.DFPlayer_sendCMD
                0x08000fa4       0xa8 ./Core/Src/main.o
                0x08000fa4                DFPlayer_sendCMD
 .text.reset_buffer
                0x0800104c       0x30 ./Core/Src/main.o
                0x0800104c                reset_buffer
 .text.checkCard
                0x0800107c       0x40 ./Core/Src/main.o
                0x0800107c                checkCard
 .text.prepareToSend
                0x080010bc       0x58 ./Core/Src/main.o
                0x080010bc                prepareToSend
 .text.HAL_UART_RxCpltCallback
                0x08001114       0x8c ./Core/Src/main.o
                0x08001114                HAL_UART_RxCpltCallback
 .text.main     0x080011a0      0x714 ./Core/Src/main.o
                0x080011a0                main
 .text.SystemClock_Config
                0x080018b4       0x8a ./Core/Src/main.o
                0x080018b4                SystemClock_Config
 *fill*         0x0800193e        0x2 
 .text.MX_SPI1_Init
                0x08001940       0x6c ./Core/Src/main.o
 .text.MX_TIM2_Init
                0x080019ac       0xb0 ./Core/Src/main.o
 .text.MX_USART1_UART_Init
                0x08001a5c       0x54 ./Core/Src/main.o
 .text.MX_USART3_UART_Init
                0x08001ab0       0x54 ./Core/Src/main.o
 .text.MX_DMA_Init
                0x08001b04       0x3c ./Core/Src/main.o
 .text.MX_GPIO_Init
                0x08001b40      0x118 ./Core/Src/main.o
 .text.Error_Handler
                0x08001c58        0xc ./Core/Src/main.o
                0x08001c58                Error_Handler
 .text.SW_SPI_init
                0x08001c64       0xa0 ./Core/Src/mc522.o
 .text.spi      0x08001d04       0xb8 ./Core/Src/mc522.o
                0x08001d04                spi
 .text.spi_transmit
                0x08001dbc       0x20 ./Core/Src/mc522.o
                0x08001dbc                spi_transmit
 .text.RFID_write
                0x08001ddc       0x5c ./Core/Src/mc522.o
                0x08001ddc                RFID_write
 .text.RFID_read
                0x08001e38       0x64 ./Core/Src/mc522.o
                0x08001e38                RFID_read
 .text.SetBitMask
                0x08001e9c       0x3a ./Core/Src/mc522.o
                0x08001e9c                SetBitMask
 .text.ClearBitMask
                0x08001ed6       0x44 ./Core/Src/mc522.o
                0x08001ed6                ClearBitMask
 .text.MFRC522_ComMF522
                0x08001f1a      0x1a2 ./Core/Src/mc522.o
                0x08001f1a                MFRC522_ComMF522
 .text.MFRC522_Request
                0x080020bc       0x7c ./Core/Src/mc522.o
                0x080020bc                MFRC522_Request
 .text.MFRC522_Anticoll
                0x08002138       0xc8 ./Core/Src/mc522.o
                0x08002138                MFRC522_Anticoll
 .text.CalulateCRC
                0x08002200       0x9a ./Core/Src/mc522.o
                0x08002200                CalulateCRC
 .text.MFRC522_Halt
                0x0800229a       0x26 ./Core/Src/mc522.o
                0x0800229a                MFRC522_Halt
 .text.MFRC522_AntennaOn
                0x080022c0       0x2a ./Core/Src/mc522.o
                0x080022c0                MFRC522_AntennaOn
 .text.MFRC522_AntennaOff
                0x080022ea       0x10 ./Core/Src/mc522.o
                0x080022ea                MFRC522_AntennaOff
 .text.MFRC522_Reset
                0x080022fa       0x16 ./Core/Src/mc522.o
                0x080022fa                MFRC522_Reset
 .text.MFRC522_init
                0x08002310       0xcc ./Core/Src/mc522.o
                0x08002310                MFRC522_init
 .text.isCard   0x080023dc       0x28 ./Core/Src/mc522.o
                0x080023dc                isCard
 .text.readCardSerial
                0x08002404       0x38 ./Core/Src/mc522.o
                0x08002404                readCardSerial
 .text.HAL_MspInit
                0x0800243c       0x64 ./Core/Src/stm32f1xx_hal_msp.o
                0x0800243c                HAL_MspInit
 .text.HAL_SPI_MspInit
                0x080024a0       0x94 ./Core/Src/stm32f1xx_hal_msp.o
                0x080024a0                HAL_SPI_MspInit
 .text.HAL_TIM_PWM_MspInit
                0x08002534       0x90 ./Core/Src/stm32f1xx_hal_msp.o
                0x08002534                HAL_TIM_PWM_MspInit
 .text.HAL_TIM_MspPostInit
                0x080025c4       0x60 ./Core/Src/stm32f1xx_hal_msp.o
                0x080025c4                HAL_TIM_MspPostInit
 .text.HAL_UART_MspInit
                0x08002624      0x130 ./Core/Src/stm32f1xx_hal_msp.o
                0x08002624                HAL_UART_MspInit
 .text.NMI_Handler
                0x08002754        0x8 ./Core/Src/stm32f1xx_it.o
                0x08002754                NMI_Handler
 .text.HardFault_Handler
                0x0800275c        0x8 ./Core/Src/stm32f1xx_it.o
                0x0800275c                HardFault_Handler
 .text.MemManage_Handler
                0x08002764        0x8 ./Core/Src/stm32f1xx_it.o
                0x08002764                MemManage_Handler
 .text.BusFault_Handler
                0x0800276c        0x8 ./Core/Src/stm32f1xx_it.o
                0x0800276c                BusFault_Handler
 .text.UsageFault_Handler
                0x08002774        0x8 ./Core/Src/stm32f1xx_it.o
                0x08002774                UsageFault_Handler
 .text.SVC_Handler
                0x0800277c        0xc ./Core/Src/stm32f1xx_it.o
                0x0800277c                SVC_Handler
 .text.DebugMon_Handler
                0x08002788        0xc ./Core/Src/stm32f1xx_it.o
                0x08002788                DebugMon_Handler
 .text.PendSV_Handler
                0x08002794        0xc ./Core/Src/stm32f1xx_it.o
                0x08002794                PendSV_Handler
 .text.SysTick_Handler
                0x080027a0        0xc ./Core/Src/stm32f1xx_it.o
                0x080027a0                SysTick_Handler
 .text.EXTI3_IRQHandler
                0x080027ac        0xe ./Core/Src/stm32f1xx_it.o
                0x080027ac                EXTI3_IRQHandler
 .text.EXTI4_IRQHandler
                0x080027ba        0xe ./Core/Src/stm32f1xx_it.o
                0x080027ba                EXTI4_IRQHandler
 .text.DMA1_Channel5_IRQHandler
                0x080027c8       0x14 ./Core/Src/stm32f1xx_it.o
                0x080027c8                DMA1_Channel5_IRQHandler
 .text.USART1_IRQHandler
                0x080027dc       0x14 ./Core/Src/stm32f1xx_it.o
                0x080027dc                USART1_IRQHandler
 .text.USART3_IRQHandler
                0x080027f0       0x14 ./Core/Src/stm32f1xx_it.o
                0x080027f0                USART3_IRQHandler
 .text.SystemInit
                0x08002804        0xc ./Core/Src/system_stm32f1xx.o
                0x08002804                SystemInit
 .text.Reset_Handler
                0x08002810       0x48 ./Core/Startup/startup_stm32f103c8tx.o
                0x08002810                Reset_Handler
 .text.Default_Handler
                0x08002858        0x2 ./Core/Startup/startup_stm32f103c8tx.o
                0x08002858                RTC_Alarm_IRQHandler
                0x08002858                EXTI2_IRQHandler
                0x08002858                TIM1_CC_IRQHandler
                0x08002858                PVD_IRQHandler
                0x08002858                EXTI0_IRQHandler
                0x08002858                I2C2_EV_IRQHandler
                0x08002858                ADC1_2_IRQHandler
                0x08002858                SPI1_IRQHandler
                0x08002858                TAMPER_IRQHandler
                0x08002858                DMA1_Channel4_IRQHandler
                0x08002858                RTC_IRQHandler
                0x08002858                DMA1_Channel7_IRQHandler
                0x08002858                CAN1_RX1_IRQHandler
                0x08002858                TIM4_IRQHandler
                0x08002858                I2C1_EV_IRQHandler
                0x08002858                DMA1_Channel6_IRQHandler
                0x08002858                TIM3_IRQHandler
                0x08002858                RCC_IRQHandler
                0x08002858                TIM1_TRG_COM_IRQHandler
                0x08002858                DMA1_Channel1_IRQHandler
                0x08002858                Default_Handler
                0x08002858                EXTI15_10_IRQHandler
                0x08002858                EXTI9_5_IRQHandler
                0x08002858                SPI2_IRQHandler
                0x08002858                USB_LP_CAN1_RX0_IRQHandler
                0x08002858                USB_HP_CAN1_TX_IRQHandler
                0x08002858                DMA1_Channel3_IRQHandler
                0x08002858                TIM1_UP_IRQHandler
                0x08002858                WWDG_IRQHandler
                0x08002858                TIM2_IRQHandler
                0x08002858                TIM1_BRK_IRQHandler
                0x08002858                EXTI1_IRQHandler
                0x08002858                USART2_IRQHandler
                0x08002858                I2C2_ER_IRQHandler
                0x08002858                DMA1_Channel2_IRQHandler
                0x08002858                CAN1_SCE_IRQHandler
                0x08002858                FLASH_IRQHandler
                0x08002858                I2C1_ER_IRQHandler
                0x08002858                USBWakeUp_IRQHandler
 *fill*         0x0800285a        0x2 
 .text.HAL_Init
                0x0800285c       0x2c ./Drivers/STM32F1xx_HAL_Driver/Src/stm32f1xx_hal.o
                0x0800285c                HAL_Init
 .text.HAL_InitTick
                0x08002888       0x60 ./Drivers/STM32F1xx_HAL_Driver/Src/stm32f1xx_hal.o
                0x08002888                HAL_InitTick
 .text.HAL_IncTick
                0x080028e8       0x24 ./Drivers/STM32F1xx_HAL_Driver/Src/stm32f1xx_hal.o
                0x080028e8                HAL_IncTick
 .text.HAL_GetTick
                0x0800290c       0x14 ./Drivers/STM32F1xx_HAL_Driver/Src/stm32f1xx_hal.o
                0x0800290c                HAL_GetTick
 .text.HAL_Delay
                0x08002920       0x48 ./Drivers/STM32F1xx_HAL_Driver/Src/stm32f1xx_hal.o
                0x08002920                HAL_Delay
 .text.__NVIC_SetPriorityGrouping
                0x08002968       0x48 ./Drivers/STM32F1xx_HAL_Driver/Src/stm32f1xx_hal_cortex.o
 .text.__NVIC_GetPriorityGrouping
                0x080029b0       0x1c ./Drivers/STM32F1xx_HAL_Driver/Src/stm32f1xx_hal_cortex.o
 .text.__NVIC_EnableIRQ
                0x080029cc       0x38 ./Drivers/STM32F1xx_HAL_Driver/Src/stm32f1xx_hal_cortex.o
 .text.__NVIC_SetPriority
                0x08002a04       0x54 ./Drivers/STM32F1xx_HAL_Driver/Src/stm32f1xx_hal_cortex.o
 .text.NVIC_EncodePriority
                0x08002a58       0x64 ./Drivers/STM32F1xx_HAL_Driver/Src/stm32f1xx_hal_cortex.o
 .text.SysTick_Config
                0x08002abc       0x44 ./Drivers/STM32F1xx_HAL_Driver/Src/stm32f1xx_hal_cortex.o
 .text.HAL_NVIC_SetPriorityGrouping
                0x08002b00       0x16 ./Drivers/STM32F1xx_HAL_Driver/Src/stm32f1xx_hal_cortex.o
                0x08002b00                HAL_NVIC_SetPriorityGrouping
 .text.HAL_NVIC_SetPriority
                0x08002b16       0x38 ./Drivers/STM32F1xx_HAL_Driver/Src/stm32f1xx_hal_cortex.o
                0x08002b16                HAL_NVIC_SetPriority
 .text.HAL_NVIC_EnableIRQ
                0x08002b4e       0x1c ./Drivers/STM32F1xx_HAL_Driver/Src/stm32f1xx_hal_cortex.o
                0x08002b4e                HAL_NVIC_EnableIRQ
 .text.HAL_SYSTICK_Config
                0x08002b6a       0x18 ./Drivers/STM32F1xx_HAL_Driver/Src/stm32f1xx_hal_cortex.o
                0x08002b6a                HAL_SYSTICK_Config
 *fill*         0x08002b82        0x2 
 .text.HAL_DMA_Init
                0x08002b84       0xb4 ./Drivers/STM32F1xx_HAL_Driver/Src/stm32f1xx_hal_dma.o
                0x08002b84                HAL_DMA_Init
 .text.HAL_DMA_Start_IT
                0x08002c38       0xc0 ./Drivers/STM32F1xx_HAL_Driver/Src/stm32f1xx_hal_dma.o
                0x08002c38                HAL_DMA_Start_IT
 .text.HAL_DMA_Abort
                0x08002cf8       0x76 ./Drivers/STM32F1xx_HAL_Driver/Src/stm32f1xx_hal_dma.o
                0x08002cf8                HAL_DMA_Abort
 *fill*         0x08002d6e        0x2 
 .text.HAL_DMA_Abort_IT
                0x08002d70       0xf0 ./Drivers/STM32F1xx_HAL_Driver/Src/stm32f1xx_hal_dma.o
                0x08002d70                HAL_DMA_Abort_IT
 .text.HAL_DMA_IRQHandler
                0x08002e60      0x20c ./Drivers/STM32F1xx_HAL_Driver/Src/stm32f1xx_hal_dma.o
                0x08002e60                HAL_DMA_IRQHandler
 .text.DMA_SetConfig
                0x0800306c       0x5a ./Drivers/STM32F1xx_HAL_Driver/Src/stm32f1xx_hal_dma.o
 *fill*         0x080030c6        0x2 
 .text.HAL_GPIO_Init
                0x080030c8      0x308 ./Drivers/STM32F1xx_HAL_Driver/Src/stm32f1xx_hal_gpio.o
                0x080030c8                HAL_GPIO_Init
 .text.HAL_GPIO_ReadPin
                0x080033d0       0x2e ./Drivers/STM32F1xx_HAL_Driver/Src/stm32f1xx_hal_gpio.o
                0x080033d0                HAL_GPIO_ReadPin
 .text.HAL_GPIO_WritePin
                0x080033fe       0x30 ./Drivers/STM32F1xx_HAL_Driver/Src/stm32f1xx_hal_gpio.o
                0x080033fe                HAL_GPIO_WritePin
 *fill*         0x0800342e        0x2 
 .text.HAL_GPIO_EXTI_IRQHandler
                0x08003430       0x30 ./Drivers/STM32F1xx_HAL_Driver/Src/stm32f1xx_hal_gpio.o
                0x08003430                HAL_GPIO_EXTI_IRQHandler
 .text.HAL_GPIO_EXTI_Callback
                0x08003460       0x14 ./Drivers/STM32F1xx_HAL_Driver/Src/stm32f1xx_hal_gpio.o
                0x08003460                HAL_GPIO_EXTI_Callback
 .text.HAL_RCC_OscConfig
                0x08003474      0x504 ./Drivers/STM32F1xx_HAL_Driver/Src/stm32f1xx_hal_rcc.o
                0x08003474                HAL_RCC_OscConfig
 .text.HAL_RCC_ClockConfig
                0x08003978      0x1d4 ./Drivers/STM32F1xx_HAL_Driver/Src/stm32f1xx_hal_rcc.o
                0x08003978                HAL_RCC_ClockConfig
 .text.HAL_RCC_GetSysClockFreq
                0x08003b4c       0xa8 ./Drivers/STM32F1xx_HAL_Driver/Src/stm32f1xx_hal_rcc.o
                0x08003b4c                HAL_RCC_GetSysClockFreq
 .text.HAL_RCC_GetHCLKFreq
                0x08003bf4       0x14 ./Drivers/STM32F1xx_HAL_Driver/Src/stm32f1xx_hal_rcc.o
                0x08003bf4                HAL_RCC_GetHCLKFreq
 .text.HAL_RCC_GetPCLK1Freq
                0x08003c08       0x28 ./Drivers/STM32F1xx_HAL_Driver/Src/stm32f1xx_hal_rcc.o
                0x08003c08                HAL_RCC_GetPCLK1Freq
 .text.HAL_RCC_GetPCLK2Freq
                0x08003c30       0x28 ./Drivers/STM32F1xx_HAL_Driver/Src/stm32f1xx_hal_rcc.o
                0x08003c30                HAL_RCC_GetPCLK2Freq
 .text.RCC_Delay
                0x08003c58       0x3c ./Drivers/STM32F1xx_HAL_Driver/Src/stm32f1xx_hal_rcc.o
 .text.HAL_SPI_Init
                0x08003c94      0x108 ./Drivers/STM32F1xx_HAL_Driver/Src/stm32f1xx_hal_spi.o
                0x08003c94                HAL_SPI_Init
 .text.HAL_TIM_PWM_Init
                0x08003d9c       0x9e ./Drivers/STM32F1xx_HAL_Driver/Src/stm32f1xx_hal_tim.o
                0x08003d9c                HAL_TIM_PWM_Init
 *fill*         0x08003e3a        0x2 
 .text.HAL_TIM_PWM_Start_DMA
                0x08003e3c      0x344 ./Drivers/STM32F1xx_HAL_Driver/Src/stm32f1xx_hal_tim.o
                0x08003e3c                HAL_TIM_PWM_Start_DMA
 .text.HAL_TIM_PWM_Stop_DMA
                0x08004180      0x18c ./Drivers/STM32F1xx_HAL_Driver/Src/stm32f1xx_hal_tim.o
                0x08004180                HAL_TIM_PWM_Stop_DMA
 .text.HAL_TIM_PWM_ConfigChannel
                0x0800430c      0x184 ./Drivers/STM32F1xx_HAL_Driver/Src/stm32f1xx_hal_tim.o
                0x0800430c                HAL_TIM_PWM_ConfigChannel
 .text.HAL_TIM_PWM_PulseFinishedHalfCpltCallback
                0x08004490       0x12 ./Drivers/STM32F1xx_HAL_Driver/Src/stm32f1xx_hal_tim.o
                0x08004490                HAL_TIM_PWM_PulseFinishedHalfCpltCallback
 .text.HAL_TIM_ErrorCallback
                0x080044a2       0x12 ./Drivers/STM32F1xx_HAL_Driver/Src/stm32f1xx_hal_tim.o
                0x080044a2                HAL_TIM_ErrorCallback
 .text.TIM_DMAError
                0x080044b4       0x92 ./Drivers/STM32F1xx_HAL_Driver/Src/stm32f1xx_hal_tim.o
                0x080044b4                TIM_DMAError
 .text.TIM_DMADelayPulseCplt
                0x08004546       0xa8 ./Drivers/STM32F1xx_HAL_Driver/Src/stm32f1xx_hal_tim.o
 .text.TIM_DMADelayPulseHalfCplt
                0x080045ee       0x68 ./Drivers/STM32F1xx_HAL_Driver/Src/stm32f1xx_hal_tim.o
                0x080045ee                TIM_DMADelayPulseHalfCplt
 *fill*         0x08004656        0x2 
 .text.TIM_Base_SetConfig
                0x08004658       0xdc ./Drivers/STM32F1xx_HAL_Driver/Src/stm32f1xx_hal_tim.o
                0x08004658                TIM_Base_SetConfig
 .text.TIM_OC1_SetConfig
                0x08004734       0xcc ./Drivers/STM32F1xx_HAL_Driver/Src/stm32f1xx_hal_tim.o
 .text.TIM_OC2_SetConfig
                0x08004800       0xd4 ./Drivers/STM32F1xx_HAL_Driver/Src/stm32f1xx_hal_tim.o
                0x08004800                TIM_OC2_SetConfig
 .text.TIM_OC3_SetConfig
                0x080048d4       0xd4 ./Drivers/STM32F1xx_HAL_Driver/Src/stm32f1xx_hal_tim.o
 .text.TIM_OC4_SetConfig
                0x080049a8       0x9c ./Drivers/STM32F1xx_HAL_Driver/Src/stm32f1xx_hal_tim.o
 .text.TIM_CCxChannelCmd
                0x08004a44       0x48 ./Drivers/STM32F1xx_HAL_Driver/Src/stm32f1xx_hal_tim.o
                0x08004a44                TIM_CCxChannelCmd
 .text.HAL_TIMEx_MasterConfigSynchronization
                0x08004a8c       0xbc ./Drivers/STM32F1xx_HAL_Driver/Src/stm32f1xx_hal_tim_ex.o
                0x08004a8c                HAL_TIMEx_MasterConfigSynchronization
 .text.HAL_UART_Init
                0x08004b48       0xa0 ./Drivers/STM32F1xx_HAL_Driver/Src/stm32f1xx_hal_uart.o
                0x08004b48                HAL_UART_Init
 .text.HAL_UART_Transmit
                0x08004be8      0x116 ./Drivers/STM32F1xx_HAL_Driver/Src/stm32f1xx_hal_uart.o
                0x08004be8                HAL_UART_Transmit
 .text.HAL_UART_Receive_IT
                0x08004cfe       0x4a ./Drivers/STM32F1xx_HAL_Driver/Src/stm32f1xx_hal_uart.o
                0x08004cfe                HAL_UART_Receive_IT
 .text.HAL_UART_IRQHandler
                0x08004d48      0x524 ./Drivers/STM32F1xx_HAL_Driver/Src/stm32f1xx_hal_uart.o
                0x08004d48                HAL_UART_IRQHandler
 .text.HAL_UART_TxCpltCallback
                0x0800526c       0x12 ./Drivers/STM32F1xx_HAL_Driver/Src/stm32f1xx_hal_uart.o
                0x0800526c                HAL_UART_TxCpltCallback
 .text.HAL_UART_ErrorCallback
                0x0800527e       0x12 ./Drivers/STM32F1xx_HAL_Driver/Src/stm32f1xx_hal_uart.o
                0x0800527e                HAL_UART_ErrorCallback
 .text.HAL_UARTEx_RxEventCallback
                0x08005290       0x16 ./Drivers/STM32F1xx_HAL_Driver/Src/stm32f1xx_hal_uart.o
                0x08005290                HAL_UARTEx_RxEventCallback
 .text.UART_WaitOnFlagUntilTimeout
                0x080052a6       0xb2 ./Drivers/STM32F1xx_HAL_Driver/Src/stm32f1xx_hal_uart.o
 .text.UART_Start_Receive_IT
                0x08005358       0x72 ./Drivers/STM32F1xx_HAL_Driver/Src/stm32f1xx_hal_uart.o
                0x08005358                UART_Start_Receive_IT
 .text.UART_EndRxTransfer
                0x080053ca       0xc4 ./Drivers/STM32F1xx_HAL_Driver/Src/stm32f1xx_hal_uart.o
 .text.UART_DMAAbortOnError
                0x0800548e       0x28 ./Drivers/STM32F1xx_HAL_Driver/Src/stm32f1xx_hal_uart.o
 .text.UART_Transmit_IT
                0x080054b6       0x9e ./Drivers/STM32F1xx_HAL_Driver/Src/stm32f1xx_hal_uart.o
 .text.UART_EndTransmit_IT
                0x08005554       0x30 ./Drivers/STM32F1xx_HAL_Driver/Src/stm32f1xx_hal_uart.o
 .text.UART_Receive_IT
                0x08005584      0x17c ./Drivers/STM32F1xx_HAL_Driver/Src/stm32f1xx_hal_uart.o
 .text.UART_SetConfig
                0x08005700      0x11c ./Drivers/STM32F1xx_HAL_Driver/Src/stm32f1xx_hal_uart.o
 .text.memset   0x0800581c       0x10 C:/ST/STM32CubeIDE_1.19.0/STM32CubeIDE/plugins/com.st.stm32cube.ide.mcu.externaltools.gnu-tools-for-stm32.13.3.rel1.win32_1.0.0.202411081344/tools/bin/../lib/gcc/arm-none-eabi/13.3.1/../../../../arm-none-eabi/lib/thumb/v7-m/nofp\libc_nano.a(libc_a-memset.o)
                0x0800581c                memset
 .text.__libc_init_array
                0x0800582c       0x48 C:/ST/STM32CubeIDE_1.19.0/STM32CubeIDE/plugins/com.st.stm32cube.ide.mcu.externaltools.gnu-tools-for-stm32.13.3.rel1.win32_1.0.0.202411081344/tools/bin/../lib/gcc/arm-none-eabi/13.3.1/../../../../arm-none-eabi/lib/thumb/v7-m/nofp\libc_nano.a(libc_a-init.o)
                0x0800582c                __libc_init_array
 .text.memcpy   0x08005874       0x1c C:/ST/STM32CubeIDE_1.19.0/STM32CubeIDE/plugins/com.st.stm32cube.ide.mcu.externaltools.gnu-tools-for-stm32.13.3.rel1.win32_1.0.0.202411081344/tools/bin/../lib/gcc/arm-none-eabi/13.3.1/../../../../arm-none-eabi/lib/thumb/v7-m/nofp\libc_nano.a(libc_a-memcpy-stub.o)
                0x08005874                memcpy
 .text.tan      0x08005890       0x54 C:/ST/STM32CubeIDE_1.19.0/STM32CubeIDE/plugins/com.st.stm32cube.ide.mcu.externaltools.gnu-tools-for-stm32.13.3.rel1.win32_1.0.0.202411081344/tools/bin/../lib/gcc/arm-none-eabi/13.3.1/../../../../arm-none-eabi/lib/thumb/v7-m/nofp\libm.a(libm_a-s_tan.o)
                0x08005890                tan
 *fill*         0x080058e4        0x4 
 .text.__kernel_tan
                0x080058e8      0x3fc C:/ST/STM32CubeIDE_1.19.0/STM32CubeIDE/plugins/com.st.stm32cube.ide.mcu.externaltools.gnu-tools-for-stm32.13.3.rel1.win32_1.0.0.202411081344/tools/bin/../lib/gcc/arm-none-eabi/13.3.1/../../../../arm-none-eabi/lib/thumb/v7-m/nofp\libm.a(libm_a-k_tan.o)
                0x080058e8                __kernel_tan
 *fill*         0x08005ce4        0x4 
 .text.__ieee754_rem_pio2
                0x08005ce8      0x3ec C:/ST/STM32CubeIDE_1.19.0/STM32CubeIDE/plugins/com.st.stm32cube.ide.mcu.externaltools.gnu-tools-for-stm32.13.3.rel1.win32_1.0.0.202411081344/tools/bin/../lib/gcc/arm-none-eabi/13.3.1/../../../../arm-none-eabi/lib/thumb/v7-m/nofp\libm.a(libm_a-e_rem_pio2.o)
                0x08005ce8                __ieee754_rem_pio2
 .text.fabs     0x080060d4        0x8 C:/ST/STM32CubeIDE_1.19.0/STM32CubeIDE/plugins/com.st.stm32cube.ide.mcu.externaltools.gnu-tools-for-stm32.13.3.rel1.win32_1.0.0.202411081344/tools/bin/../lib/gcc/arm-none-eabi/13.3.1/../../../../arm-none-eabi/lib/thumb/v7-m/nofp\libm.a(libm_a-s_fabs.o)
                0x080060d4                fabs
 .text.__kernel_rem_pio2
                0x080060dc      0x640 C:/ST/STM32CubeIDE_1.19.0/STM32CubeIDE/plugins/com.st.stm32cube.ide.mcu.externaltools.gnu-tools-for-stm32.13.3.rel1.win32_1.0.0.202411081344/tools/bin/../lib/gcc/arm-none-eabi/13.3.1/../../../../arm-none-eabi/lib/thumb/v7-m/nofp\libm.a(libm_a-k_rem_pio2.o)
                0x080060dc                __kernel_rem_pio2
 *fill*         0x0800671c        0x4 
 .text.scalbn   0x08006720       0xe4 C:/ST/STM32CubeIDE_1.19.0/STM32CubeIDE/plugins/com.st.stm32cube.ide.mcu.externaltools.gnu-tools-for-stm32.13.3.rel1.win32_1.0.0.202411081344/tools/bin/../lib/gcc/arm-none-eabi/13.3.1/../../../../arm-none-eabi/lib/thumb/v7-m/nofp\libm.a(libm_a-s_scalbn.o)
                0x08006720                scalbn
 *fill*         0x08006804        0x4 
 .text.floor    0x08006808      0x100 C:/ST/STM32CubeIDE_1.19.0/STM32CubeIDE/plugins/com.st.stm32cube.ide.mcu.externaltools.gnu-tools-for-stm32.13.3.rel1.win32_1.0.0.202411081344/tools/bin/../lib/gcc/arm-none-eabi/13.3.1/../../../../arm-none-eabi/lib/thumb/v7-m/nofp\libm.a(libm_a-s_floor.o)
                0x08006808                floor
 *(.glue_7)
 .glue_7        0x08006908        0x0 linker stubs
 *(.glue_7t)
 .glue_7t       0x08006908        0x0 linker stubs
 *(.eh_frame)
 .eh_frame      0x08006908        0x0 C:/ST/STM32CubeIDE_1.19.0/STM32CubeIDE/plugins/com.st.stm32cube.ide.mcu.externaltools.gnu-tools-for-stm32.13.3.rel1.win32_1.0.0.202411081344/tools/bin/../lib/gcc/arm-none-eabi/13.3.1/thumb/v7-m/nofp/crtbegin.o
 *(.init)
 .init          0x08006908        0x4 C:/ST/STM32CubeIDE_1.19.0/STM32CubeIDE/plugins/com.st.stm32cube.ide.mcu.externaltools.gnu-tools-for-stm32.13.3.rel1.win32_1.0.0.202411081344/tools/bin/../lib/gcc/arm-none-eabi/13.3.1/thumb/v7-m/nofp/crti.o
                0x08006908                _init
 .init          0x0800690c        0x8 C:/ST/STM32CubeIDE_1.19.0/STM32CubeIDE/plugins/com.st.stm32cube.ide.mcu.externaltools.gnu-tools-for-stm32.13.3.rel1.win32_1.0.0.202411081344/tools/bin/../lib/gcc/arm-none-eabi/13.3.1/thumb/v7-m/nofp/crtn.o
 *(.fini)
 .fini          0x08006914        0x4 C:/ST/STM32CubeIDE_1.19.0/STM32CubeIDE/plugins/com.st.stm32cube.ide.mcu.externaltools.gnu-tools-for-stm32.13.3.rel1.win32_1.0.0.202411081344/tools/bin/../lib/gcc/arm-none-eabi/13.3.1/thumb/v7-m/nofp/crti.o
                0x08006914                _fini
 .fini          0x08006918        0x8 C:/ST/STM32CubeIDE_1.19.0/STM32CubeIDE/plugins/com.st.stm32cube.ide.mcu.externaltools.gnu-tools-for-stm32.13.3.rel1.win32_1.0.0.202411081344/tools/bin/../lib/gcc/arm-none-eabi/13.3.1/thumb/v7-m/nofp/crtn.o
                0x08006920                        . = ALIGN (0x4)
                0x08006920                        _etext = .

.vfp11_veneer   0x08006920        0x0
 .vfp11_veneer  0x08006920        0x0 linker stubs

.v4_bx          0x08006920        0x0
 .v4_bx         0x08006920        0x0 linker stubs

.iplt           0x08006920        0x0
 .iplt          0x08006920        0x0 C:/ST/STM32CubeIDE_1.19.0/STM32CubeIDE/plugins/com.st.stm32cube.ide.mcu.externaltools.gnu-tools-for-stm32.13.3.rel1.win32_1.0.0.202411081344/tools/bin/../lib/gcc/arm-none-eabi/13.3.1/thumb/v7-m/nofp/crtbegin.o

.rodata         0x08006920      0x208
                0x08006920                        . = ALIGN (0x4)
 *(.rodata)
 *(.rodata*)
 .rodata.AHBPrescTable
                0x08006920       0x10 ./Core/Src/system_stm32f1xx.o
                0x08006920                AHBPrescTable
 .rodata.APBPrescTable
                0x08006930        0x8 ./Core/Src/system_stm32f1xx.o
                0x08006930                APBPrescTable
 .rodata.aPLLMULFactorTable.1
                0x08006938       0x10 ./Drivers/STM32F1xx_HAL_Driver/Src/stm32f1xx_hal_rcc.o
 .rodata.aPredivFactorTable.0
                0x08006948        0x2 ./Drivers/STM32F1xx_HAL_Driver/Src/stm32f1xx_hal_rcc.o
 *fill*         0x0800694a        0x2 
 .rodata.npio2_hw
                0x0800694c       0x80 C:/ST/STM32CubeIDE_1.19.0/STM32CubeIDE/plugins/com.st.stm32cube.ide.mcu.externaltools.gnu-tools-for-stm32.13.3.rel1.win32_1.0.0.202411081344/tools/bin/../lib/gcc/arm-none-eabi/13.3.1/../../../../arm-none-eabi/lib/thumb/v7-m/nofp\libm.a(libm_a-e_rem_pio2.o)
 .rodata.two_over_pi
                0x080069cc      0x108 C:/ST/STM32CubeIDE_1.19.0/STM32CubeIDE/plugins/com.st.stm32cube.ide.mcu.externaltools.gnu-tools-for-stm32.13.3.rel1.win32_1.0.0.202411081344/tools/bin/../lib/gcc/arm-none-eabi/13.3.1/../../../../arm-none-eabi/lib/thumb/v7-m/nofp\libm.a(libm_a-e_rem_pio2.o)
 *fill*         0x08006ad4        0x4 
 .rodata.PIo2   0x08006ad8       0x40 C:/ST/STM32CubeIDE_1.19.0/STM32CubeIDE/plugins/com.st.stm32cube.ide.mcu.externaltools.gnu-tools-for-stm32.13.3.rel1.win32_1.0.0.202411081344/tools/bin/../lib/gcc/arm-none-eabi/13.3.1/../../../../arm-none-eabi/lib/thumb/v7-m/nofp\libm.a(libm_a-k_rem_pio2.o)
 .rodata.init_jk
                0x08006b18       0x10 C:/ST/STM32CubeIDE_1.19.0/STM32CubeIDE/plugins/com.st.stm32cube.ide.mcu.externaltools.gnu-tools-for-stm32.13.3.rel1.win32_1.0.0.202411081344/tools/bin/../lib/gcc/arm-none-eabi/13.3.1/../../../../arm-none-eabi/lib/thumb/v7-m/nofp\libm.a(libm_a-k_rem_pio2.o)
                0x08006b28                        . = ALIGN (0x4)

.ARM.extab      0x08006b28        0x0
                0x08006b28                        . = ALIGN (0x4)
 *(.ARM.extab* .gnu.linkonce.armextab.*)
                0x08006b28                        . = ALIGN (0x4)

.ARM            0x08006b28        0x0
                0x08006b28                        . = ALIGN (0x4)
                0x08006b28                        __exidx_start = .
 *(.ARM.exidx*)
                0x08006b28                        __exidx_end = .
                0x08006b28                        . = ALIGN (0x4)

.preinit_array  0x08006b28        0x0
                0x08006b28                        . = ALIGN (0x4)
                0x08006b28                        PROVIDE (__preinit_array_start = .)
 *(.preinit_array*)
                0x08006b28                        PROVIDE (__preinit_array_end = .)
                0x08006b28                        . = ALIGN (0x4)

.init_array     0x08006b28        0x4
                0x08006b28                        . = ALIGN (0x4)
                0x08006b28                        PROVIDE (__init_array_start = .)
 *(SORT_BY_NAME(.init_array.*))
 *(.init_array*)
 .init_array    0x08006b28        0x4 C:/ST/STM32CubeIDE_1.19.0/STM32CubeIDE/plugins/com.st.stm32cube.ide.mcu.externaltools.gnu-tools-for-stm32.13.3.rel1.win32_1.0.0.202411081344/tools/bin/../lib/gcc/arm-none-eabi/13.3.1/thumb/v7-m/nofp/crtbegin.o
                0x08006b2c                        PROVIDE (__init_array_end = .)
                0x08006b2c                        . = ALIGN (0x4)

.fini_array     0x08006b2c        0x4
                0x08006b2c                        . = ALIGN (0x4)
                [!provide]                        PROVIDE (__fini_array_start = .)
 *(SORT_BY_NAME(.fini_array.*))
 *(.fini_array*)
 .fini_array    0x08006b2c        0x4 C:/ST/STM32CubeIDE_1.19.0/STM32CubeIDE/plugins/com.st.stm32cube.ide.mcu.externaltools.gnu-tools-for-stm32.13.3.rel1.win32_1.0.0.202411081344/tools/bin/../lib/gcc/arm-none-eabi/13.3.1/thumb/v7-m/nofp/crtbegin.o
                [!provide]                        PROVIDE (__fini_array_end = .)
                0x08006b30                        . = ALIGN (0x4)
                0x08006b30                        _sidata = LOADADDR (.data)

.rel.dyn        0x08006b30        0x0
 .rel.iplt      0x08006b30        0x0 C:/ST/STM32CubeIDE_1.19.0/STM32CubeIDE/plugins/com.st.stm32cube.ide.mcu.externaltools.gnu-tools-for-stm32.13.3.rel1.win32_1.0.0.202411081344/tools/bin/../lib/gcc/arm-none-eabi/13.3.1/thumb/v7-m/nofp/crtbegin.o

.data           0x20000000       0x48 load address 0x08006b30
                0x20000000                        . = ALIGN (0x4)
                0x20000000                        _sdata = .
 *(.data)
 *(.data*)
 .data.volume   0x20000000        0x1 ./Core/Src/main.o
                0x20000000                volume
 *fill*         0x20000001        0x3 
 .data.brightness
                0x20000004        0x4 ./Core/Src/main.o
                0x20000004                brightness
 .data.r        0x20000008        0x1 ./Core/Src/main.o
                0x20000008                r
 .data.g        0x20000009        0x1 ./Core/Src/main.o
                0x20000009                g
 .data.b        0x2000000a        0x1 ./Core/Src/main.o
                0x2000000a                b
 *fill*         0x2000000b        0x1 
 .data.forward_card
                0x2000000c        0x5 ./Core/Src/main.o
                0x2000000c                forward_card
 *fill*         0x20000011        0x3 
 .data.left_card
                0x20000014        0x5 ./Core/Src/main.o
                0x20000014                left_card
 *fill*         0x20000019        0x3 
 .data.right_card
                0x2000001c        0x5 ./Core/Src/main.o
                0x2000001c                right_card
 *fill*         0x20000021        0x3 
 .data.backward_card
                0x20000024        0x5 ./Core/Src/main.o
                0x20000024                backward_card
 *fill*         0x20000029        0x3 
 .data.delete_card
                0x2000002c        0x5 ./Core/Src/main.o
                0x2000002c                delete_card
 *fill*         0x20000031        0x3 
 .data.confirm_card
                0x20000034        0x5 ./Core/Src/main.o
                0x20000034                confirm_card
 *fill*         0x20000039        0x3 
 .data.SystemCoreClock
                0x2000003c        0x4 ./Core/Src/system_stm32f1xx.o
                0x2000003c                SystemCoreClock
 .data.uwTickPrio
                0x20000040        0x4 ./Drivers/STM32F1xx_HAL_Driver/Src/stm32f1xx_hal.o
                0x20000040                uwTickPrio
 .data.uwTickFreq
                0x20000044        0x1 ./Drivers/STM32F1xx_HAL_Driver/Src/stm32f1xx_hal.o
                0x20000044                uwTickFreq
 *(.RamFunc)
 *(.RamFunc*)
                0x20000048                        . = ALIGN (0x4)
 *fill*         0x20000045        0x3 
                0x20000048                        _edata = .

.igot.plt       0x20000048        0x0 load address 0x08006b78
 .igot.plt      0x20000048        0x0 C:/ST/STM32CubeIDE_1.19.0/STM32CubeIDE/plugins/com.st.stm32cube.ide.mcu.externaltools.gnu-tools-for-stm32.13.3.rel1.win32_1.0.0.202411081344/tools/bin/../lib/gcc/arm-none-eabi/13.3.1/thumb/v7-m/nofp/crtbegin.o
                0x20000048                        . = ALIGN (0x4)

.bss            0x20000048      0x5e0 load address 0x08006b78
                0x20000048                        _sbss = .
                0x20000048                        __bss_start__ = _sbss
 *(.bss)
 .bss           0x20000048       0x1c C:/ST/STM32CubeIDE_1.19.0/STM32CubeIDE/plugins/com.st.stm32cube.ide.mcu.externaltools.gnu-tools-for-stm32.13.3.rel1.win32_1.0.0.202411081344/tools/bin/../lib/gcc/arm-none-eabi/13.3.1/thumb/v7-m/nofp/crtbegin.o
 *(.bss*)
 .bss.hspi1     0x20000064       0x58 ./Core/Src/main.o
                0x20000064                hspi1
 .bss.htim2     0x200000bc       0x48 ./Core/Src/main.o
                0x200000bc                htim2
 .bss.hdma_tim2_ch1
                0x20000104       0x44 ./Core/Src/main.o
                0x20000104                hdma_tim2_ch1
 .bss.huart1    0x20000148       0x48 ./Core/Src/main.o
                0x20000148                huart1
 .bss.huart3    0x20000190       0x48 ./Core/Src/main.o
                0x20000190                huart3
 .bss.tx_data   0x200001d8        0xa ./Core/Src/main.o
                0x200001d8                tx_data
 *fill*         0x200001e2        0x2 
 .bss.package_data
                0x200001e4       0x12 ./Core/Src/main.o
                0x200001e4                package_data
 *fill*         0x200001f6        0x2 
 .bss.rx_data   0x200001f8        0x3 ./Core/Src/main.o
                0x200001f8                rx_data
 *fill*         0x200001fb        0x1 
 .bss.pwmData   0x200001fc      0x364 ./Core/Src/main.o
                0x200001fc                pwmData
 .bss.LED_Data  0x20000560       0x40 ./Core/Src/main.o
                0x20000560                LED_Data
 .bss.LED_Mod   0x200005a0       0x40 ./Core/Src/main.o
                0x200005a0                LED_Mod
 .bss.datasentflag
                0x200005e0        0x4 ./Core/Src/main.o
                0x200005e0                datasentflag
 .bss.flag      0x200005e4        0x4 ./Core/Src/main.o
                0x200005e4                flag
 .bss.led_num   0x200005e8        0x1 ./Core/Src/main.o
                0x200005e8                led_num
 .bss.wait_to_send
                0x200005e9        0x1 ./Core/Src/main.o
                0x200005e9                wait_to_send
 *fill*         0x200005ea        0x2 
 .bss.dir_data  0x200005ec       0x10 ./Core/Src/main.o
                0x200005ec                dir_data
 .bss.currentID
                0x200005fc        0x5 ./Core/Src/main.o
                0x200005fc                currentID
 .bss.current_step
                0x20000601        0x1 ./Core/Src/main.o
                0x20000601                current_step
 .bss.last_step
                0x20000602        0x1 ./Core/Src/main.o
                0x20000602                last_step
 .bss.run       0x20000603        0x1 ./Core/Src/main.o
                0x20000603                run
 .bss.MOSI_PORT
                0x20000604        0x4 ./Core/Src/mc522.o
                0x20000604                MOSI_PORT
 .bss.MOSI_PIN  0x20000608        0x2 ./Core/Src/mc522.o
                0x20000608                MOSI_PIN
 *fill*         0x2000060a        0x2 
 .bss.MISO_PORT
                0x2000060c        0x4 ./Core/Src/mc522.o
                0x2000060c                MISO_PORT
 .bss.MISO_PIN  0x20000610        0x2 ./Core/Src/mc522.o
                0x20000610                MISO_PIN
 *fill*         0x20000612        0x2 
 .bss.SCK_PORT  0x20000614        0x4 ./Core/Src/mc522.o
                0x20000614                SCK_PORT
 .bss.SCK_PIN   0x20000618        0x2 ./Core/Src/mc522.o
                0x20000618                SCK_PIN
 *fill*         0x2000061a        0x2 
 .bss.CS_PORT   0x2000061c        0x4 ./Core/Src/mc522.o
                0x2000061c                CS_PORT
 .bss.CS_PIN    0x20000620        0x2 ./Core/Src/mc522.o
                0x20000620                CS_PIN
 *fill*         0x20000622        0x2 
 .bss.uwTick    0x20000624        0x4 ./Drivers/STM32F1xx_HAL_Driver/Src/stm32f1xx_hal.o
                0x20000624                uwTick
 *(COMMON)
                0x20000628                        . = ALIGN (0x4)
                0x20000628                        _ebss = .
                0x20000628                        __bss_end__ = _ebss

._user_heap_stack
                0x20000628      0x600 load address 0x08006b78
                0x20000628                        . = ALIGN (0x8)
                [!provide]                        PROVIDE (end = .)
                0x20000628                        PROVIDE (_end = .)
                0x20000828                        . = (. + _Min_Heap_Size)
 *fill*         0x20000628      0x200 
                0x20000c28                        . = (. + _Min_Stack_Size)
 *fill*         0x20000828      0x400 
                0x20000c28                        . = ALIGN (0x8)

/DISCARD/
 libc.a(*)
 libm.a(*)
 libgcc.a(*)

.ARM.attributes
                0x00000000       0x29
 *(.ARM.attributes)
 .ARM.attributes
                0x00000000       0x1d C:/ST/STM32CubeIDE_1.19.0/STM32CubeIDE/plugins/com.st.stm32cube.ide.mcu.externaltools.gnu-tools-for-stm32.13.3.rel1.win32_1.0.0.202411081344/tools/bin/../lib/gcc/arm-none-eabi/13.3.1/thumb/v7-m/nofp/crti.o
 .ARM.attributes
                0x0000001d       0x2d C:/ST/STM32CubeIDE_1.19.0/STM32CubeIDE/plugins/com.st.stm32cube.ide.mcu.externaltools.gnu-tools-for-stm32.13.3.rel1.win32_1.0.0.202411081344/tools/bin/../lib/gcc/arm-none-eabi/13.3.1/thumb/v7-m/nofp/crtbegin.o
 .ARM.attributes
                0x0000004a       0x2d ./Core/Src/main.o
 .ARM.attributes
                0x00000077       0x2d ./Core/Src/mc522.o
 .ARM.attributes
                0x000000a4       0x2d ./Core/Src/stm32f1xx_hal_msp.o
 .ARM.attributes
                0x000000d1       0x2d ./Core/Src/stm32f1xx_it.o
 .ARM.attributes
                0x000000fe       0x2d ./Core/Src/system_stm32f1xx.o
 .ARM.attributes
                0x0000012b       0x21 ./Core/Startup/startup_stm32f103c8tx.o
 .ARM.attributes
                0x0000014c       0x2d ./Drivers/STM32F1xx_HAL_Driver/Src/stm32f1xx_hal.o
 .ARM.attributes
                0x00000179       0x2d ./Drivers/STM32F1xx_HAL_Driver/Src/stm32f1xx_hal_cortex.o
 .ARM.attributes
                0x000001a6       0x2d ./Drivers/STM32F1xx_HAL_Driver/Src/stm32f1xx_hal_dma.o
 .ARM.attributes
                0x000001d3       0x2d ./Drivers/STM32F1xx_HAL_Driver/Src/stm32f1xx_hal_gpio.o
 .ARM.attributes
                0x00000200       0x2d ./Drivers/STM32F1xx_HAL_Driver/Src/stm32f1xx_hal_rcc.o
 .ARM.attributes
                0x0000022d       0x2d ./Drivers/STM32F1xx_HAL_Driver/Src/stm32f1xx_hal_spi.o
 .ARM.attributes
                0x0000025a       0x2d ./Drivers/STM32F1xx_HAL_Driver/Src/stm32f1xx_hal_tim.o
 .ARM.attributes
                0x00000287       0x2d ./Drivers/STM32F1xx_HAL_Driver/Src/stm32f1xx_hal_tim_ex.o
 .ARM.attributes
                0x000002b4       0x2d ./Drivers/STM32F1xx_HAL_Driver/Src/stm32f1xx_hal_uart.o
 .ARM.attributes
                0x000002e1       0x2d C:/ST/STM32CubeIDE_1.19.0/STM32CubeIDE/plugins/com.st.stm32cube.ide.mcu.externaltools.gnu-tools-for-stm32.13.3.rel1.win32_1.0.0.202411081344/tools/bin/../lib/gcc/arm-none-eabi/13.3.1/../../../../arm-none-eabi/lib/thumb/v7-m/nofp\libc_nano.a(libc_a-memset.o)
 .ARM.attributes
                0x0000030e       0x2d C:/ST/STM32CubeIDE_1.19.0/STM32CubeIDE/plugins/com.st.stm32cube.ide.mcu.externaltools.gnu-tools-for-stm32.13.3.rel1.win32_1.0.0.202411081344/tools/bin/../lib/gcc/arm-none-eabi/13.3.1/../../../../arm-none-eabi/lib/thumb/v7-m/nofp\libc_nano.a(libc_a-init.o)
 .ARM.attributes
                0x0000033b       0x2d C:/ST/STM32CubeIDE_1.19.0/STM32CubeIDE/plugins/com.st.stm32cube.ide.mcu.externaltools.gnu-tools-for-stm32.13.3.rel1.win32_1.0.0.202411081344/tools/bin/../lib/gcc/arm-none-eabi/13.3.1/../../../../arm-none-eabi/lib/thumb/v7-m/nofp\libc_nano.a(libc_a-memcpy-stub.o)
 .ARM.attributes
                0x00000368       0x2d C:/ST/STM32CubeIDE_1.19.0/STM32CubeIDE/plugins/com.st.stm32cube.ide.mcu.externaltools.gnu-tools-for-stm32.13.3.rel1.win32_1.0.0.202411081344/tools/bin/../lib/gcc/arm-none-eabi/13.3.1/../../../../arm-none-eabi/lib/thumb/v7-m/nofp\libm.a(libm_a-s_tan.o)
 .ARM.attributes
                0x00000395       0x2d C:/ST/STM32CubeIDE_1.19.0/STM32CubeIDE/plugins/com.st.stm32cube.ide.mcu.externaltools.gnu-tools-for-stm32.13.3.rel1.win32_1.0.0.202411081344/tools/bin/../lib/gcc/arm-none-eabi/13.3.1/../../../../arm-none-eabi/lib/thumb/v7-m/nofp\libm.a(libm_a-k_tan.o)
 .ARM.attributes
                0x000003c2       0x2d C:/ST/STM32CubeIDE_1.19.0/STM32CubeIDE/plugins/com.st.stm32cube.ide.mcu.externaltools.gnu-tools-for-stm32.13.3.rel1.win32_1.0.0.202411081344/tools/bin/../lib/gcc/arm-none-eabi/13.3.1/../../../../arm-none-eabi/lib/thumb/v7-m/nofp\libm.a(libm_a-e_rem_pio2.o)
 .ARM.attributes
                0x000003ef       0x2d C:/ST/STM32CubeIDE_1.19.0/STM32CubeIDE/plugins/com.st.stm32cube.ide.mcu.externaltools.gnu-tools-for-stm32.13.3.rel1.win32_1.0.0.202411081344/tools/bin/../lib/gcc/arm-none-eabi/13.3.1/../../../../arm-none-eabi/lib/thumb/v7-m/nofp\libm.a(libm_a-s_fabs.o)
 .ARM.attributes
                0x0000041c       0x2d C:/ST/STM32CubeIDE_1.19.0/STM32CubeIDE/plugins/com.st.stm32cube.ide.mcu.externaltools.gnu-tools-for-stm32.13.3.rel1.win32_1.0.0.202411081344/tools/bin/../lib/gcc/arm-none-eabi/13.3.1/../../../../arm-none-eabi/lib/thumb/v7-m/nofp\libm.a(libm_a-k_rem_pio2.o)
 .ARM.attributes
                0x00000449       0x2d C:/ST/STM32CubeIDE_1.19.0/STM32CubeIDE/plugins/com.st.stm32cube.ide.mcu.externaltools.gnu-tools-for-stm32.13.3.rel1.win32_1.0.0.202411081344/tools/bin/../lib/gcc/arm-none-eabi/13.3.1/../../../../arm-none-eabi/lib/thumb/v7-m/nofp\libm.a(libm_a-s_scalbn.o)
 .ARM.attributes
                0x00000476       0x2d C:/ST/STM32CubeIDE_1.19.0/STM32CubeIDE/plugins/com.st.stm32cube.ide.mcu.externaltools.gnu-tools-for-stm32.13.3.rel1.win32_1.0.0.202411081344/tools/bin/../lib/gcc/arm-none-eabi/13.3.1/../../../../arm-none-eabi/lib/thumb/v7-m/nofp\libm.a(libm_a-s_floor.o)
 .ARM.attributes
                0x000004a3       0x1d C:/ST/STM32CubeIDE_1.19.0/STM32CubeIDE/plugins/com.st.stm32cube.ide.mcu.externaltools.gnu-tools-for-stm32.13.3.rel1.win32_1.0.0.202411081344/tools/bin/../lib/gcc/arm-none-eabi/13.3.1/thumb/v7-m/nofp\libgcc.a(_arm_addsubdf3.o)
 .ARM.attributes
                0x000004c0       0x1d C:/ST/STM32CubeIDE_1.19.0/STM32CubeIDE/plugins/com.st.stm32cube.ide.mcu.externaltools.gnu-tools-for-stm32.13.3.rel1.win32_1.0.0.202411081344/tools/bin/../lib/gcc/arm-none-eabi/13.3.1/thumb/v7-m/nofp\libgcc.a(_arm_muldivdf3.o)
 .ARM.attributes
                0x000004dd       0x1d C:/ST/STM32CubeIDE_1.19.0/STM32CubeIDE/plugins/com.st.stm32cube.ide.mcu.externaltools.gnu-tools-for-stm32.13.3.rel1.win32_1.0.0.202411081344/tools/bin/../lib/gcc/arm-none-eabi/13.3.1/thumb/v7-m/nofp\libgcc.a(_arm_cmpdf2.o)
 .ARM.attributes
                0x000004fa       0x1d C:/ST/STM32CubeIDE_1.19.0/STM32CubeIDE/plugins/com.st.stm32cube.ide.mcu.externaltools.gnu-tools-for-stm32.13.3.rel1.win32_1.0.0.202411081344/tools/bin/../lib/gcc/arm-none-eabi/13.3.1/thumb/v7-m/nofp\libgcc.a(_arm_fixdfsi.o)
 .ARM.attributes
                0x00000517       0x1d C:/ST/STM32CubeIDE_1.19.0/STM32CubeIDE/plugins/com.st.stm32cube.ide.mcu.externaltools.gnu-tools-for-stm32.13.3.rel1.win32_1.0.0.202411081344/tools/bin/../lib/gcc/arm-none-eabi/13.3.1/thumb/v7-m/nofp\libgcc.a(_arm_fixunsdfsi.o)
 .ARM.attributes
                0x00000534       0x1d C:/ST/STM32CubeIDE_1.19.0/STM32CubeIDE/plugins/com.st.stm32cube.ide.mcu.externaltools.gnu-tools-for-stm32.13.3.rel1.win32_1.0.0.202411081344/tools/bin/../lib/gcc/arm-none-eabi/13.3.1/thumb/v7-m/nofp\libgcc.a(_arm_truncdfsf2.o)
 .ARM.attributes
                0x00000551       0x1d C:/ST/STM32CubeIDE_1.19.0/STM32CubeIDE/plugins/com.st.stm32cube.ide.mcu.externaltools.gnu-tools-for-stm32.13.3.rel1.win32_1.0.0.202411081344/tools/bin/../lib/gcc/arm-none-eabi/13.3.1/thumb/v7-m/nofp\libgcc.a(_arm_addsubsf3.o)
 .ARM.attributes
                0x0000056e       0x1d C:/ST/STM32CubeIDE_1.19.0/STM32CubeIDE/plugins/com.st.stm32cube.ide.mcu.externaltools.gnu-tools-for-stm32.13.3.rel1.win32_1.0.0.202411081344/tools/bin/../lib/gcc/arm-none-eabi/13.3.1/thumb/v7-m/nofp/crtn.o
OUTPUT(NCKH.elf elf32-littlearm)
LOAD linker stubs
LOAD C:/ST/STM32CubeIDE_1.19.0/STM32CubeIDE/plugins/com.st.stm32cube.ide.mcu.externaltools.gnu-tools-for-stm32.13.3.rel1.win32_1.0.0.202411081344/tools/bin/../lib/gcc/arm-none-eabi/13.3.1/../../../../arm-none-eabi/lib/thumb/v7-m/nofp\libc.a
LOAD C:/ST/STM32CubeIDE_1.19.0/STM32CubeIDE/plugins/com.st.stm32cube.ide.mcu.externaltools.gnu-tools-for-stm32.13.3.rel1.win32_1.0.0.202411081344/tools/bin/../lib/gcc/arm-none-eabi/13.3.1/../../../../arm-none-eabi/lib/thumb/v7-m/nofp\libm.a
LOAD C:/ST/STM32CubeIDE_1.19.0/STM32CubeIDE/plugins/com.st.stm32cube.ide.mcu.externaltools.gnu-tools-for-stm32.13.3.rel1.win32_1.0.0.202411081344/tools/bin/../lib/gcc/arm-none-eabi/13.3.1/thumb/v7-m/nofp\libgcc.a

.debug_info     0x00000000     0xe3b5
 .debug_info    0x00000000     0x1b2b ./Core/Src/main.o
 .debug_info    0x00001b2b      0x7d0 ./Core/Src/mc522.o
 .debug_info    0x000022fb     0x1117 ./Core/Src/stm32f1xx_hal_msp.o
 .debug_info    0x00003412      0x666 ./Core/Src/stm32f1xx_it.o
 .debug_info    0x00003a78      0x222 ./Core/Src/system_stm32f1xx.o
 .debug_info    0x00003c9a       0x30 ./Core/Startup/startup_stm32f103c8tx.o
 .debug_info    0x00003cca      0x704 ./Drivers/STM32F1xx_HAL_Driver/Src/stm32f1xx_hal.o
 .debug_info    0x000043ce      0xa87 ./Drivers/STM32F1xx_HAL_Driver/Src/stm32f1xx_hal_cortex.o
 .debug_info    0x00004e55      0x6d2 ./Drivers/STM32F1xx_HAL_Driver/Src/stm32f1xx_hal_dma.o
 .debug_info    0x00005527      0x5ab ./Drivers/STM32F1xx_HAL_Driver/Src/stm32f1xx_hal_gpio.o
 .debug_info    0x00005ad2      0x7d5 ./Drivers/STM32F1xx_HAL_Driver/Src/stm32f1xx_hal_rcc.o
 .debug_info    0x000062a7     0x142d ./Drivers/STM32F1xx_HAL_Driver/Src/stm32f1xx_hal_spi.o
 .debug_info    0x000076d4     0x2959 ./Drivers/STM32F1xx_HAL_Driver/Src/stm32f1xx_hal_tim.o
 .debug_info    0x0000a02d     0x149b ./Drivers/STM32F1xx_HAL_Driver/Src/stm32f1xx_hal_tim_ex.o
 .debug_info    0x0000b4c8     0x2eed ./Drivers/STM32F1xx_HAL_Driver/Src/stm32f1xx_hal_uart.o

.debug_abbrev   0x00000000     0x21f3
 .debug_abbrev  0x00000000      0x406 ./Core/Src/main.o
 .debug_abbrev  0x00000406      0x29d ./Core/Src/mc522.o
 .debug_abbrev  0x000006a3      0x25b ./Core/Src/stm32f1xx_hal_msp.o
 .debug_abbrev  0x000008fe      0x1a6 ./Core/Src/stm32f1xx_it.o
 .debug_abbrev  0x00000aa4      0x13f ./Core/Src/system_stm32f1xx.o
 .debug_abbrev  0x00000be3       0x24 ./Core/Startup/startup_stm32f103c8tx.o
 .debug_abbrev  0x00000c07      0x201 ./Drivers/STM32F1xx_HAL_Driver/Src/stm32f1xx_hal.o
 .debug_abbrev  0x00000e08      0x2f8 ./Drivers/STM32F1xx_HAL_Driver/Src/stm32f1xx_hal_cortex.o
 .debug_abbrev  0x00001100      0x20b ./Drivers/STM32F1xx_HAL_Driver/Src/stm32f1xx_hal_dma.o
 .debug_abbrev  0x0000130b      0x1ca ./Drivers/STM32F1xx_HAL_Driver/Src/stm32f1xx_hal_gpio.o
 .debug_abbrev  0x000014d5      0x2b3 ./Drivers/STM32F1xx_HAL_Driver/Src/stm32f1xx_hal_rcc.o
 .debug_abbrev  0x00001788      0x27a ./Drivers/STM32F1xx_HAL_Driver/Src/stm32f1xx_hal_spi.o
 .debug_abbrev  0x00001a02      0x277 ./Drivers/STM32F1xx_HAL_Driver/Src/stm32f1xx_hal_tim.o
 .debug_abbrev  0x00001c79      0x282 ./Drivers/STM32F1xx_HAL_Driver/Src/stm32f1xx_hal_tim_ex.o
 .debug_abbrev  0x00001efb      0x2f8 ./Drivers/STM32F1xx_HAL_Driver/Src/stm32f1xx_hal_uart.o

.debug_aranges  0x00000000      0xef8
 .debug_aranges
                0x00000000       0xc8 ./Core/Src/main.o
 .debug_aranges
                0x000000c8       0xa8 ./Core/Src/mc522.o
 .debug_aranges
                0x00000170       0x58 ./Core/Src/stm32f1xx_hal_msp.o
 .debug_aranges
                0x000001c8       0x88 ./Core/Src/stm32f1xx_it.o
 .debug_aranges
                0x00000250       0x28 ./Core/Src/system_stm32f1xx.o
 .debug_aranges
                0x00000278       0x28 ./Core/Startup/startup_stm32f103c8tx.o
 .debug_aranges
                0x000002a0       0xe0 ./Drivers/STM32F1xx_HAL_Driver/Src/stm32f1xx_hal.o
 .debug_aranges
                0x00000380      0x100 ./Drivers/STM32F1xx_HAL_Driver/Src/stm32f1xx_hal_cortex.o
 .debug_aranges
                0x00000480       0x80 ./Drivers/STM32F1xx_HAL_Driver/Src/stm32f1xx_hal_dma.o
 .debug_aranges
                0x00000500       0x58 ./Drivers/STM32F1xx_HAL_Driver/Src/stm32f1xx_hal_gpio.o
 .debug_aranges
                0x00000558       0x90 ./Drivers/STM32F1xx_HAL_Driver/Src/stm32f1xx_hal_rcc.o
 .debug_aranges
                0x000005e8      0x1d0 ./Drivers/STM32F1xx_HAL_Driver/Src/stm32f1xx_hal_spi.o
 .debug_aranges
                0x000007b8      0x3d0 ./Drivers/STM32F1xx_HAL_Driver/Src/stm32f1xx_hal_tim.o
 .debug_aranges
                0x00000b88      0x168 ./Drivers/STM32F1xx_HAL_Driver/Src/stm32f1xx_hal_tim_ex.o
 .debug_aranges
                0x00000cf0      0x208 ./Drivers/STM32F1xx_HAL_Driver/Src/stm32f1xx_hal_uart.o

.debug_rnglists
                0x00000000      0xbc3
 .debug_rnglists
                0x00000000       0x9a ./Core/Src/main.o
 .debug_rnglists
                0x0000009a       0x7f ./Core/Src/mc522.o
 .debug_rnglists
                0x00000119       0x40 ./Core/Src/stm32f1xx_hal_msp.o
 .debug_rnglists
                0x00000159       0x61 ./Core/Src/stm32f1xx_it.o
 .debug_rnglists
                0x000001ba       0x1a ./Core/Src/system_stm32f1xx.o
 .debug_rnglists
                0x000001d4       0x19 ./Core/Startup/startup_stm32f103c8tx.o
 .debug_rnglists
                0x000001ed       0xa3 ./Drivers/STM32F1xx_HAL_Driver/Src/stm32f1xx_hal.o
 .debug_rnglists
                0x00000290       0xbb ./Drivers/STM32F1xx_HAL_Driver/Src/stm32f1xx_hal_cortex.o
 .debug_rnglists
                0x0000034b       0x64 ./Drivers/STM32F1xx_HAL_Driver/Src/stm32f1xx_hal_dma.o
 .debug_rnglists
                0x000003af       0x3f ./Drivers/STM32F1xx_HAL_Driver/Src/stm32f1xx_hal_gpio.o
 .debug_rnglists
                0x000003ee       0x6c ./Drivers/STM32F1xx_HAL_Driver/Src/stm32f1xx_hal_rcc.o
 .debug_rnglists
                0x0000045a      0x16e ./Drivers/STM32F1xx_HAL_Driver/Src/stm32f1xx_hal_spi.o
 .debug_rnglists
                0x000005c8      0x31a ./Drivers/STM32F1xx_HAL_Driver/Src/stm32f1xx_hal_tim.o
 .debug_rnglists
                0x000008e2      0x125 ./Drivers/STM32F1xx_HAL_Driver/Src/stm32f1xx_hal_tim_ex.o
 .debug_rnglists
                0x00000a07      0x1bc ./Drivers/STM32F1xx_HAL_Driver/Src/stm32f1xx_hal_uart.o

.debug_macro    0x00000000    0x17f34
 .debug_macro   0x00000000      0x314 ./Core/Src/main.o
 .debug_macro   0x00000314      0xacc ./Core/Src/main.o
 .debug_macro   0x00000de0      0x227 ./Core/Src/main.o
 .debug_macro   0x00001007       0x2e ./Core/Src/main.o
 .debug_macro   0x00001035       0x22 ./Core/Src/main.o
 .debug_macro   0x00001057       0x22 ./Core/Src/main.o
 .debug_macro   0x00001079       0x8e ./Core/Src/main.o
 .debug_macro   0x00001107       0x51 ./Core/Src/main.o
 .debug_macro   0x00001158      0x103 ./Core/Src/main.o
 .debug_macro   0x0000125b       0x6a ./Core/Src/main.o
 .debug_macro   0x000012c5      0x1df ./Core/Src/main.o
 .debug_macro   0x000014a4       0x1c ./Core/Src/main.o
 .debug_macro   0x000014c0       0x22 ./Core/Src/main.o
 .debug_macro   0x000014e2       0xbd ./Core/Src/main.o
 .debug_macro   0x0000159f      0xd23 ./Core/Src/main.o
 .debug_macro   0x000022c2     0xe09e ./Core/Src/main.o
 .debug_macro   0x00010360       0x6d ./Core/Src/main.o
 .debug_macro   0x000103cd     0x34a2 ./Core/Src/main.o
 .debug_macro   0x0001386f      0x190 ./Core/Src/main.o
 .debug_macro   0x000139ff       0x5c ./Core/Src/main.o
 .debug_macro   0x00013a5b      0x5bc ./Core/Src/main.o
 .debug_macro   0x00014017      0x289 ./Core/Src/main.o
 .debug_macro   0x000142a0      0x1cb ./Core/Src/main.o
 .debug_macro   0x0001446b      0x114 ./Core/Src/main.o
 .debug_macro   0x0001457f      0x1b2 ./Core/Src/main.o
 .debug_macro   0x00014731       0x27 ./Core/Src/main.o
 .debug_macro   0x00014758      0x136 ./Core/Src/main.o
 .debug_macro   0x0001488e      0x1bc ./Core/Src/main.o
 .debug_macro   0x00014a4a       0x34 ./Core/Src/main.o
 .debug_macro   0x00014a7e       0x3c ./Core/Src/main.o
 .debug_macro   0x00014aba       0x57 ./Core/Src/main.o
 .debug_macro   0x00014b11       0x87 ./Core/Src/main.o
 .debug_macro   0x00014b98      0x240 ./Core/Src/main.o
 .debug_macro   0x00014dd8      0x140 ./Core/Src/main.o
 .debug_macro   0x00014f18      0x217 ./Core/Src/main.o
 .debug_macro   0x0001512f      0x8ed ./Core/Src/main.o
 .debug_macro   0x00015a1c      0x28e ./Core/Src/main.o
 .debug_macro   0x00015caa       0x83 ./Core/Src/main.o
 .debug_macro   0x00015d2d       0x64 ./Core/Src/main.o
 .debug_macro   0x00015d91       0x61 ./Core/Src/main.o
 .debug_macro   0x00015df2       0x24 ./Core/Src/main.o
 .debug_macro   0x00015e16       0x43 ./Core/Src/main.o
 .debug_macro   0x00015e59       0x34 ./Core/Src/main.o
 .debug_macro   0x00015e8d      0x370 ./Core/Src/main.o
 .debug_macro   0x000161fd       0x16 ./Core/Src/main.o
 .debug_macro   0x00016213       0x4a ./Core/Src/main.o
 .debug_macro   0x0001625d       0x34 ./Core/Src/main.o
 .debug_macro   0x00016291       0x10 ./Core/Src/main.o
 .debug_macro   0x000162a1       0x58 ./Core/Src/main.o
 .debug_macro   0x000162f9       0x8e ./Core/Src/main.o
 .debug_macro   0x00016387       0x1c ./Core/Src/main.o
 .debug_macro   0x000163a3      0x185 ./Core/Src/main.o
 .debug_macro   0x00016528       0x10 ./Core/Src/main.o
 .debug_macro   0x00016538       0x3c ./Core/Src/main.o
 .debug_macro   0x00016574       0x20 ./Core/Src/main.o
 .debug_macro   0x00016594      0x19b ./Core/Src/main.o
 .debug_macro   0x0001672f       0x28 ./Core/Src/main.o
 .debug_macro   0x00016757       0x16 ./Core/Src/main.o
 .debug_macro   0x0001676d       0x16 ./Core/Src/main.o
 .debug_macro   0x00016783       0x29 ./Core/Src/main.o
 .debug_macro   0x000167ac      0x299 ./Core/Src/mc522.o
 .debug_macro   0x00016a45      0x1bc ./Core/Src/stm32f1xx_hal_msp.o
 .debug_macro   0x00016c01      0x1c6 ./Core/Src/stm32f1xx_it.o
 .debug_macro   0x00016dc7      0x1ad ./Core/Src/system_stm32f1xx.o
 .debug_macro   0x00016f74      0x1d1 ./Drivers/STM32F1xx_HAL_Driver/Src/stm32f1xx_hal.o
 .debug_macro   0x00017145      0x1ad ./Drivers/STM32F1xx_HAL_Driver/Src/stm32f1xx_hal_cortex.o
 .debug_macro   0x000172f2      0x1ad ./Drivers/STM32F1xx_HAL_Driver/Src/stm32f1xx_hal_dma.o
 .debug_macro   0x0001749f      0x218 ./Drivers/STM32F1xx_HAL_Driver/Src/stm32f1xx_hal_gpio.o
 .debug_macro   0x000176b7      0x1bf ./Drivers/STM32F1xx_HAL_Driver/Src/stm32f1xx_hal_rcc.o
 .debug_macro   0x00017876      0x1b5 ./Drivers/STM32F1xx_HAL_Driver/Src/stm32f1xx_hal_spi.o
 .debug_macro   0x00017a2b      0x1ae ./Drivers/STM32F1xx_HAL_Driver/Src/stm32f1xx_hal_tim.o
 .debug_macro   0x00017bd9      0x1ad ./Drivers/STM32F1xx_HAL_Driver/Src/stm32f1xx_hal_tim_ex.o
 .debug_macro   0x00017d86      0x1ae ./Drivers/STM32F1xx_HAL_Driver/Src/stm32f1xx_hal_uart.o

.debug_line     0x00000000     0xffd4
 .debug_line    0x00000000     0x1045 ./Core/Src/main.o
 .debug_line    0x00001045      0xc9e ./Core/Src/mc522.o
 .debug_line    0x00001ce3      0x883 ./Core/Src/stm32f1xx_hal_msp.o
 .debug_line    0x00002566      0x83a ./Core/Src/stm32f1xx_it.o
 .debug_line    0x00002da0      0x792 ./Core/Src/system_stm32f1xx.o
 .debug_line    0x00003532       0x78 ./Core/Startup/startup_stm32f103c8tx.o
 .debug_line    0x000035aa      0x9c3 ./Drivers/STM32F1xx_HAL_Driver/Src/stm32f1xx_hal.o
 .debug_line    0x00003f6d      0xb8d ./Drivers/STM32F1xx_HAL_Driver/Src/stm32f1xx_hal_cortex.o
 .debug_line    0x00004afa      0xdcd ./Drivers/STM32F1xx_HAL_Driver/Src/stm32f1xx_hal_dma.o
 .debug_line    0x000058c7      0xa20 ./Drivers/STM32F1xx_HAL_Driver/Src/stm32f1xx_hal_gpio.o
 .debug_line    0x000062e7      0xe7c ./Drivers/STM32F1xx_HAL_Driver/Src/stm32f1xx_hal_rcc.o
 .debug_line    0x00007163     0x1c5a ./Drivers/STM32F1xx_HAL_Driver/Src/stm32f1xx_hal_spi.o
 .debug_line    0x00008dbd     0x34b1 ./Drivers/STM32F1xx_HAL_Driver/Src/stm32f1xx_hal_tim.o
 .debug_line    0x0000c26e     0x1887 ./Drivers/STM32F1xx_HAL_Driver/Src/stm32f1xx_hal_tim_ex.o
 .debug_line    0x0000daf5     0x24df ./Drivers/STM32F1xx_HAL_Driver/Src/stm32f1xx_hal_uart.o

.debug_str      0x00000000    0x8c5e5
 .debug_str     0x00000000    0x8c5e5 ./Core/Src/main.o
                              0x89bb5 (size before relaxing)
 .debug_str     0x0008c5e5    0x881d6 ./Core/Src/mc522.o
 .debug_str     0x0008c5e5    0x859ba ./Core/Src/stm32f1xx_hal_msp.o
 .debug_str     0x0008c5e5    0x851b4 ./Core/Src/stm32f1xx_it.o
 .debug_str     0x0008c5e5    0x84bbb ./Core/Src/system_stm32f1xx.o
 .debug_str     0x0008c5e5       0x5b ./Core/Startup/startup_stm32f103c8tx.o
 .debug_str     0x0008c5e5    0x852ee ./Drivers/STM32F1xx_HAL_Driver/Src/stm32f1xx_hal.o
 .debug_str     0x0008c5e5    0x8523a ./Drivers/STM32F1xx_HAL_Driver/Src/stm32f1xx_hal_cortex.o
 .debug_str     0x0008c5e5    0x84f64 ./Drivers/STM32F1xx_HAL_Driver/Src/stm32f1xx_hal_dma.o
 .debug_str     0x0008c5e5    0x84f41 ./Drivers/STM32F1xx_HAL_Driver/Src/stm32f1xx_hal_gpio.o
 .debug_str     0x0008c5e5    0x84fea ./Drivers/STM32F1xx_HAL_Driver/Src/stm32f1xx_hal_rcc.o
 .debug_str     0x0008c5e5    0x854e1 ./Drivers/STM32F1xx_HAL_Driver/Src/stm32f1xx_hal_spi.o
 .debug_str     0x0008c5e5    0x85fec ./Drivers/STM32F1xx_HAL_Driver/Src/stm32f1xx_hal_tim.o
 .debug_str     0x0008c5e5    0x857f8 ./Drivers/STM32F1xx_HAL_Driver/Src/stm32f1xx_hal_tim_ex.o
 .debug_str     0x0008c5e5    0x8565b ./Drivers/STM32F1xx_HAL_Driver/Src/stm32f1xx_hal_uart.o

.comment        0x00000000       0x43
 .comment       0x00000000       0x43 ./Core/Src/main.o
                                 0x44 (size before relaxing)
 .comment       0x00000043       0x44 ./Core/Src/mc522.o
 .comment       0x00000043       0x44 ./Core/Src/stm32f1xx_hal_msp.o
 .comment       0x00000043       0x44 ./Core/Src/stm32f1xx_it.o
 .comment       0x00000043       0x44 ./Core/Src/system_stm32f1xx.o
 .comment       0x00000043       0x44 ./Drivers/STM32F1xx_HAL_Driver/Src/stm32f1xx_hal.o
 .comment       0x00000043       0x44 ./Drivers/STM32F1xx_HAL_Driver/Src/stm32f1xx_hal_cortex.o
 .comment       0x00000043       0x44 ./Drivers/STM32F1xx_HAL_Driver/Src/stm32f1xx_hal_dma.o
 .comment       0x00000043       0x44 ./Drivers/STM32F1xx_HAL_Driver/Src/stm32f1xx_hal_gpio.o
 .comment       0x00000043       0x44 ./Drivers/STM32F1xx_HAL_Driver/Src/stm32f1xx_hal_rcc.o
 .comment       0x00000043       0x44 ./Drivers/STM32F1xx_HAL_Driver/Src/stm32f1xx_hal_spi.o
 .comment       0x00000043       0x44 ./Drivers/STM32F1xx_HAL_Driver/Src/stm32f1xx_hal_tim.o
 .comment       0x00000043       0x44 ./Drivers/STM32F1xx_HAL_Driver/Src/stm32f1xx_hal_tim_ex.o
 .comment       0x00000043       0x44 ./Drivers/STM32F1xx_HAL_Driver/Src/stm32f1xx_hal_uart.o

.debug_frame    0x00000000     0x4350
 .debug_frame   0x00000000      0x31c ./Core/Src/main.o
 .debug_frame   0x0000031c      0x294 ./Core/Src/mc522.o
 .debug_frame   0x000005b0      0x134 ./Core/Src/stm32f1xx_hal_msp.o
 .debug_frame   0x000006e4      0x190 ./Core/Src/stm32f1xx_it.o
 .debug_frame   0x00000874       0x58 ./Core/Src/system_stm32f1xx.o
 .debug_frame   0x000008cc      0x334 ./Drivers/STM32F1xx_HAL_Driver/Src/stm32f1xx_hal.o
 .debug_frame   0x00000c00      0x428 ./Drivers/STM32F1xx_HAL_Driver/Src/stm32f1xx_hal_cortex.o
 .debug_frame   0x00001028      0x208 ./Drivers/STM32F1xx_HAL_Driver/Src/stm32f1xx_hal_dma.o
 .debug_frame   0x00001230      0x14c ./Drivers/STM32F1xx_HAL_Driver/Src/stm32f1xx_hal_gpio.o
 .debug_frame   0x0000137c      0x218 ./Drivers/STM32F1xx_HAL_Driver/Src/stm32f1xx_hal_rcc.o
 .debug_frame   0x00001594      0x824 ./Drivers/STM32F1xx_HAL_Driver/Src/stm32f1xx_hal_spi.o
 .debug_frame   0x00001db8     0x11b8 ./Drivers/STM32F1xx_HAL_Driver/Src/stm32f1xx_hal_tim.o
 .debug_frame   0x00002f70      0x638 ./Drivers/STM32F1xx_HAL_Driver/Src/stm32f1xx_hal_tim_ex.o
 .debug_frame   0x000035a8      0x944 ./Drivers/STM32F1xx_HAL_Driver/Src/stm32f1xx_hal_uart.o
 .debug_frame   0x00003eec       0x20 C:/ST/STM32CubeIDE_1.19.0/STM32CubeIDE/plugins/com.st.stm32cube.ide.mcu.externaltools.gnu-tools-for-stm32.13.3.rel1.win32_1.0.0.202411081344/tools/bin/../lib/gcc/arm-none-eabi/13.3.1/../../../../arm-none-eabi/lib/thumb/v7-m/nofp\libc_nano.a(libc_a-memset.o)
 .debug_frame   0x00003f0c       0x2c C:/ST/STM32CubeIDE_1.19.0/STM32CubeIDE/plugins/com.st.stm32cube.ide.mcu.externaltools.gnu-tools-for-stm32.13.3.rel1.win32_1.0.0.202411081344/tools/bin/../lib/gcc/arm-none-eabi/13.3.1/../../../../arm-none-eabi/lib/thumb/v7-m/nofp\libc_nano.a(libc_a-init.o)
 .debug_frame   0x00003f38       0x28 C:/ST/STM32CubeIDE_1.19.0/STM32CubeIDE/plugins/com.st.stm32cube.ide.mcu.externaltools.gnu-tools-for-stm32.13.3.rel1.win32_1.0.0.202411081344/tools/bin/../lib/gcc/arm-none-eabi/13.3.1/../../../../arm-none-eabi/lib/thumb/v7-m/nofp\libc_nano.a(libc_a-memcpy-stub.o)
 .debug_frame   0x00003f60       0x34 C:/ST/STM32CubeIDE_1.19.0/STM32CubeIDE/plugins/com.st.stm32cube.ide.mcu.externaltools.gnu-tools-for-stm32.13.3.rel1.win32_1.0.0.202411081344/tools/bin/../lib/gcc/arm-none-eabi/13.3.1/../../../../arm-none-eabi/lib/thumb/v7-m/nofp\libm.a(libm_a-s_tan.o)
 .debug_frame   0x00003f94       0x40 C:/ST/STM32CubeIDE_1.19.0/STM32CubeIDE/plugins/com.st.stm32cube.ide.mcu.externaltools.gnu-tools-for-stm32.13.3.rel1.win32_1.0.0.202411081344/tools/bin/../lib/gcc/arm-none-eabi/13.3.1/../../../../arm-none-eabi/lib/thumb/v7-m/nofp\libm.a(libm_a-k_tan.o)
 .debug_frame   0x00003fd4       0x40 C:/ST/STM32CubeIDE_1.19.0/STM32CubeIDE/plugins/com.st.stm32cube.ide.mcu.externaltools.gnu-tools-for-stm32.13.3.rel1.win32_1.0.0.202411081344/tools/bin/../lib/gcc/arm-none-eabi/13.3.1/../../../../arm-none-eabi/lib/thumb/v7-m/nofp\libm.a(libm_a-e_rem_pio2.o)
 .debug_frame   0x00004014       0x20 C:/ST/STM32CubeIDE_1.19.0/STM32CubeIDE/plugins/com.st.stm32cube.ide.mcu.externaltools.gnu-tools-for-stm32.13.3.rel1.win32_1.0.0.202411081344/tools/bin/../lib/gcc/arm-none-eabi/13.3.1/../../../../arm-none-eabi/lib/thumb/v7-m/nofp\libm.a(libm_a-s_fabs.o)
 .debug_frame   0x00004034       0x44 C:/ST/STM32CubeIDE_1.19.0/STM32CubeIDE/plugins/com.st.stm32cube.ide.mcu.externaltools.gnu-tools-for-stm32.13.3.rel1.win32_1.0.0.202411081344/tools/bin/../lib/gcc/arm-none-eabi/13.3.1/../../../../arm-none-eabi/lib/thumb/v7-m/nofp\libm.a(libm_a-k_rem_pio2.o)
 .debug_frame   0x00004078       0x30 C:/ST/STM32CubeIDE_1.19.0/STM32CubeIDE/plugins/com.st.stm32cube.ide.mcu.externaltools.gnu-tools-for-stm32.13.3.rel1.win32_1.0.0.202411081344/tools/bin/../lib/gcc/arm-none-eabi/13.3.1/../../../../arm-none-eabi/lib/thumb/v7-m/nofp\libm.a(libm_a-s_scalbn.o)
 .debug_frame   0x000040a8       0x30 C:/ST/STM32CubeIDE_1.19.0/STM32CubeIDE/plugins/com.st.stm32cube.ide.mcu.externaltools.gnu-tools-for-stm32.13.3.rel1.win32_1.0.0.202411081344/tools/bin/../lib/gcc/arm-none-eabi/13.3.1/../../../../arm-none-eabi/lib/thumb/v7-m/nofp\libm.a(libm_a-s_floor.o)
 .debug_frame   0x000040d8       0xac C:/ST/STM32CubeIDE_1.19.0/STM32CubeIDE/plugins/com.st.stm32cube.ide.mcu.externaltools.gnu-tools-for-stm32.13.3.rel1.win32_1.0.0.202411081344/tools/bin/../lib/gcc/arm-none-eabi/13.3.1/thumb/v7-m/nofp\libgcc.a(_arm_addsubdf3.o)
 .debug_frame   0x00004184       0x50 C:/ST/STM32CubeIDE_1.19.0/STM32CubeIDE/plugins/com.st.stm32cube.ide.mcu.externaltools.gnu-tools-for-stm32.13.3.rel1.win32_1.0.0.202411081344/tools/bin/../lib/gcc/arm-none-eabi/13.3.1/thumb/v7-m/nofp\libgcc.a(_arm_muldivdf3.o)
 .debug_frame   0x000041d4       0xc4 C:/ST/STM32CubeIDE_1.19.0/STM32CubeIDE/plugins/com.st.stm32cube.ide.mcu.externaltools.gnu-tools-for-stm32.13.3.rel1.win32_1.0.0.202411081344/tools/bin/../lib/gcc/arm-none-eabi/13.3.1/thumb/v7-m/nofp\libgcc.a(_arm_cmpdf2.o)
 .debug_frame   0x00004298       0x24 C:/ST/STM32CubeIDE_1.19.0/STM32CubeIDE/plugins/com.st.stm32cube.ide.mcu.externaltools.gnu-tools-for-stm32.13.3.rel1.win32_1.0.0.202411081344/tools/bin/../lib/gcc/arm-none-eabi/13.3.1/thumb/v7-m/nofp\libgcc.a(_arm_fixdfsi.o)
 .debug_frame   0x000042bc       0x24 C:/ST/STM32CubeIDE_1.19.0/STM32CubeIDE/plugins/com.st.stm32cube.ide.mcu.externaltools.gnu-tools-for-stm32.13.3.rel1.win32_1.0.0.202411081344/tools/bin/../lib/gcc/arm-none-eabi/13.3.1/thumb/v7-m/nofp\libgcc.a(_arm_fixunsdfsi.o)
 .debug_frame   0x000042e0       0x24 C:/ST/STM32CubeIDE_1.19.0/STM32CubeIDE/plugins/com.st.stm32cube.ide.mcu.externaltools.gnu-tools-for-stm32.13.3.rel1.win32_1.0.0.202411081344/tools/bin/../lib/gcc/arm-none-eabi/13.3.1/thumb/v7-m/nofp\libgcc.a(_arm_truncdfsf2.o)
 .debug_frame   0x00004304       0x4c C:/ST/STM32CubeIDE_1.19.0/STM32CubeIDE/plugins/com.st.stm32cube.ide.mcu.externaltools.gnu-tools-for-stm32.13.3.rel1.win32_1.0.0.202411081344/tools/bin/../lib/gcc/arm-none-eabi/13.3.1/thumb/v7-m/nofp\libgcc.a(_arm_addsubsf3.o)

.debug_line_str
                0x00000000       0x3f
 .debug_line_str
                0x00000000       0x3f ./Core/Startup/startup_stm32f103c8tx.o
