../Core/Src/main.c:126:6:WS2812_Send	32	static
../Core/Src/main.c:165:6:Set_LED	24	static
../Core/Src/main.c:173:6:Set_Brightness	40	static
../Core/Src/main.c:193:6:HAL_TIM_PWM_PulseFinishedCallback	16	static
../Core/Src/main.c:199:6:DFPlayer_sendCMD	24	static
../Core/Src/main.c:217:6:reset_buffer	24	static
../Core/Src/main.c:225:6:assign_data	16	static
../Core/Src/main.c:233:6:write_flash	56	static
../Core/Src/main.c:252:6:read_flash	16	static
../Core/Src/main.c:260:9:checkID	16	static
../Core/Src/main.c:273:9:checkCard	24	static
../Core/Src/main.c:286:6:prepareToSend	24	static
../Core/Src/main.c:297:6:HAL_UART_RxCpltCallback	24	static
../Core/Src/main.c:320:5:main	32	static
../Core/Src/main.c:602:6:SystemClock_Config	72	static
../Core/Src/main.c:642:13:MX_SPI1_Init	8	static
../Core/Src/main.c:680:13:MX_TIM2_Init	48	static
../Core/Src/main.c:729:13:MX_USART1_UART_Init	8	static
../Core/Src/main.c:762:13:MX_USART3_UART_Init	8	static
../Core/Src/main.c:793:13:MX_DMA_Init	16	static
../Core/Src/main.c:811:13:MX_GPIO_Init	40	static
../Core/Src/main.c:870:6:Error_Handler	4	static,ignoring_inline_asm
