../Core/Src/main.c:112:6:MotorInit	1
../Core/Src/main.c:121:6:drive	21
../Core/Src/main.c:141:6:EncoderInit	1
../Core/Src/main.c:150:6:EncoderRead	2
../Core/Src/main.c:163:6:PID_setParam	1
../Core/Src/main.c:173:6:PID_Cal	5
../Core/Src/main.c:191:6:LowPassFilter	1
../Core/Src/main.c:196:6:PID_Speed	1
../Core/Src/main.c:203:6:PID_Position	1
../Core/Src/main.c:219:5:main	2
../Core/Src/main.c:281:6:SystemClock_Config	3
../Core/Src/main.c:321:13:MX_TIM1_Init	3
../Core/Src/main.c:371:13:MX_TIM2_Init	7
../Core/Src/main.c:432:13:MX_TIM4_Init	3
../Core/Src/main.c:481:13:MX_USART3_UART_Init	2
../Core/Src/main.c:514:13:MX_GPIO_Init	1
../Core/Src/main.c:542:6:HAL_TIM_PeriodElapsedCallback	2
../Core/Src/main.c:560:6:Error_Handler	1
