../Core/Src/main.c:103:6:MotorInit	1
../Core/Src/main.c:112:6:drive	21
../Core/Src/main.c:132:6:EncoderInit	1
../Core/Src/main.c:140:6:EncoderRead	1
../Core/Src/main.c:152:6:PID_setParam	1
../Core/Src/main.c:162:6:PID_Cal	5
../Core/Src/main.c:181:6:PID_Speed	1
../Core/Src/main.c:188:6:PID_Position	1
../Core/Src/main.c:201:5:main	1
../Core/Src/main.c:259:6:SystemClock_Config	3
../Core/Src/main.c:299:13:MX_TIM1_Init	3
../Core/Src/main.c:349:13:MX_TIM2_Init	7
../Core/Src/main.c:410:13:MX_TIM4_Init	3
../Core/Src/main.c:459:13:MX_GPIO_Init	1
../Core/Src/main.c:487:6:HAL_TIM_PeriodElapsedCallback	2
../Core/Src/main.c:505:6:Error_Handler	1
