../Core/Src/main.c:112:6:MotorInit	24	static
../Core/Src/main.c:121:6:drive	16	static
../Core/Src/main.c:141:6:EncoderInit	24	static
../Core/Src/main.c:150:6:EncoderRead	24	static
../Core/Src/main.c:163:6:PID_setParam	24	static
../Core/Src/main.c:173:6:PID_Cal	32	static
../Core/Src/main.c:191:6:LowPassFilter	32	static
../Core/Src/main.c:196:6:PID_Speed	24	static
../Core/Src/main.c:203:6:PID_Position	24	static
../Core/Src/main.c:219:5:main	40	static
../Core/Src/main.c:281:6:SystemClock_Config	72	static
../Core/Src/main.c:321:13:MX_TIM1_Init	56	static
../Core/Src/main.c:371:13:MX_TIM2_Init	48	static
../Core/Src/main.c:432:13:MX_TIM4_Init	56	static
../Core/Src/main.c:481:13:MX_USART3_UART_Init	8	static
../Core/Src/main.c:514:13:MX_GPIO_Init	24	static
../Core/Src/main.c:542:6:HAL_TIM_PeriodElapsedCallback	16	static
../Core/Src/main.c:560:6:Error_Handler	4	static,ignoring_inline_asm
